 ConEmu

 Timestamp is 53609564 (Wed Apr 30 10:17:08 2014)

 Preferred load address is 10000000

 Start         Length     Name                   Class
 0001:00000000 0002d3b6H .text                   CODE
 0002:00000000 00000340H .idata$5                DATA
 0002:00000340 00003ab0H .rdata                  DATA
 0002:00003df0 0000006fH .rdata$debug            DATA
 0002:00003e60 0000000cH .rdata$sxdata           DATA
 0002:00003e70 0000003cH .xdata$x                DATA
 0002:00003eac 00000078H .idata$2                DATA
 0002:00003f24 00000014H .idata$3                DATA
 0002:00003f38 00000340H .idata$4                DATA
 0002:00004278 00000ecaH .idata$6                DATA
 0002:00005150 00000337H .edata                  DATA
 0003:00000000 00000198H .data                   DATA
 0003:00000198 000023f8H .bss                    DATA
 0004:00000000 00000004H .CRT$XIC                DATA
 0005:00000000 00000058H .rsrc$01                DATA
 0005:00000060 00000290H .rsrc$02                DATA

  Address         Publics by Value              Rva+Base       Lib:Object

 0000:00000000       __except_list              00000000     <absolute>
 0000:00000003       ___safe_se_handler_count   00000003     <absolute>
 0000:00000000       ___ImageBase               10000000     <linker-defined>
 0001:00000000       ?StartupHooks@@YIHPAUHINSTANCE__@@@Z 10001000 f   ConEmuInjects.obj
 0001:000003c0       ?ShutdownHooks@@YIXXZ      100013c0 f   ConEmuInjects.obj
 0001:00000570       ??$wcscpy_c@$0EA@@@YIHAAY0EA@_WPB_W@Z 10001570 f i ConEmuInjects.obj
 0001:000005a0       ?StringCchCopyW@@YGJPA_WIPB_W@Z 100015a0 f i ConEmuInjects.obj
 0001:000006d0       ?pcc_Selected@@YI_NW4PluginMenuCommands@@@Z 100016d0 f   ConEmuPlugin.obj
 0001:00000740       ?pcc_Disabled@@YI_NW4PluginMenuCommands@@@Z 10001740 f   ConEmuPlugin.obj
 0001:000007f0       ?GetPluginInfoWcmn@@YGXPAX@Z 100017f0 f   ConEmuPlugin.obj
 0001:00000830       ?CheckConEmuDetached@@YIXXZ 10001830 f   ConEmuPlugin.obj
 0001:000008d0       ??BHWND2@@QBEKXZ           100018d0 f i ConEmuPlugin.obj
 0001:000008e0       ?OpenPluginWcmn@@YIPAXHH_N@Z 100018e0 f   ConEmuPlugin.obj
 0001:00000b70       _OpenPluginW@8             10001b70 f   ConEmuPlugin.obj
 0001:00000bb0       ?TouchReadPeekConsoleInputs@@YIXH@Z 10001bb0 f   ConEmuPlugin.obj
 0001:00000bf0       ?OnMainThreadActivated@@YIXXZ 10001bf0 f   ConEmuPlugin.obj
 0001:00000e70       ?IsFarLua@FarVersion@@QBE_NXZ 10001e70 f i ConEmuPlugin.obj
 0001:00000ec0       ?OnConsolePeekReadInput@@YIXH@Z 10001ec0 f   ConEmuPlugin.obj
 0001:000010b0       ?ActiveServerPID@CESERVER_CONSOLE_MAPPING_HDR@@QBEKXZ 100020b0 f i ConEmuPlugin.obj
 0001:000010f0       ?OnPanelViewCallbacks@@YIHPAUHookCallbackArg@@P6GHPAXPAU_INPUT_RECORD@@KPAKPAH@Z5@Z 100020f0 f   ConEmuPlugin.obj
 0001:000011d0       ?OnShellExecuteExW_Except@@YGXPAUHookCallbackArg@@@Z 100021d0 f   ConEmuPlugin.obj
 0001:00001210       ?OnGetNumberOfConsoleInputEventsPost@@YGXPAUHookCallbackArg@@@Z 10002210 f   ConEmuPlugin.obj
 0001:00001250       ?UngetDummyMouseEvent@@YIHHPAUHookCallbackArg@@@Z 10002250 f   ConEmuPlugin.obj
 0001:00001480       ??4HANDLE2@@QAEAAU0@PAX@Z  10002480 f i ConEmuPlugin.obj
 0001:000014a0       ?OnConsolePeekInput@@YGHPAUHookCallbackArg@@@Z 100024a0 f   ConEmuPlugin.obj
 0001:00001520       ?OnConsolePeekInputPost@@YGXPAUHookCallbackArg@@@Z 10002520 f   ConEmuPlugin.obj
 0001:00001560       ?OnConsoleReadInputWork@@YIHPAUHookCallbackArg@@@Z 10002560 f   ConEmuPlugin.obj
 0001:000015f0       ?OnConsoleReadInput@@YGHPAUHookCallbackArg@@@Z 100025f0 f   ConEmuPlugin.obj
 0001:00001600       ?OnConsoleReadInputPost@@YGXPAUHookCallbackArg@@@Z 10002600 f   ConEmuPlugin.obj
 0001:00001840       ?OnWriteConsoleOutput@@YGHPAUHookCallbackArg@@@Z 10002840 f   ConEmuPlugin.obj
 0001:00001920       _ProcessSynchroEventW@8    10002920 f   ConEmuPlugin.obj
 0001:000019d0       ?ShutdownPluginStep@@YIXPB_WHHHH@Z 100029d0 f   ConEmuPlugin.obj
 0001:000019f0       _DllMain@12                100029f0 f   ConEmuPlugin.obj
 0001:00001c60       ??_GMSection@@QAEPAXI@Z    10002c60 f i ConEmuPlugin.obj
 0001:00001c90       ??_GCPluginBackground@@QAEPAXI@Z 10002c90 f i ConEmuPlugin.obj
 0001:00001cc0       __DllMainCRTStartup@12     10002cc0 f   ConEmuPlugin.obj
 0001:00001ce0       ?IsConsoleActive@@YGHXZ    10002ce0 f   ConEmuPlugin.obj
 0001:00001d40       ?GetFarHWND2@@YGPAUHWND__@@H@Z 10002d40 f   ConEmuPlugin.obj
 0001:00001db0       ?GetFarHWND@@YGPAUHWND__@@XZ 10002db0 f   ConEmuPlugin.obj
 0001:00001dc0       ?IsTerminalMode@@YGHXZ     10002dc0 f   ConEmuPlugin.obj
 0001:00001dd0       ?GetFarVersion@@YGXPAUFarVersion@@@Z 10002dd0 f   ConEmuPlugin.obj
 0001:00001e00       ?LoadFarVersion@@YIHXZ     10002e00 f   ConEmuPlugin.obj
 0001:00002190       ?RegisterPanelView@@YGHPAUPanelViewInit@@@Z 10003190 f   ConEmuPlugin.obj
 0001:00002380       ?RegisterBackground@@YGHPAURegisterBackgroundArg@@@Z 10003380 f   ConEmuPlugin.obj
 0001:00002410       ?SyncExecute@@YGHPAUHINSTANCE__@@P6GXJ@ZJ@Z 10003410 f   ConEmuPlugin.obj
 0001:00002460       ?ActivateConsole@@YGHXZ    10003460 f   ConEmuPlugin.obj
 0001:000024f0       ??BHWND2@@QBEPAUHWND__@@XZ 100034f0 f i ConEmuPlugin.obj
 0001:00002500       ??4HWND2@@QAEAAU0@PAUHWND__@@@Z 10003500 f i ConEmuPlugin.obj
 0001:00002520       ?ExecuteSynchro@@YIXXZ     10003520 f   ConEmuPlugin.obj
 0001:000025e0       ?ProcessCommand@@YIHKHPAXPAPAUCESERVER_REQ@@@Z 100035e0 f   ConEmuPlugin.obj
 0001:00003370       ?StringCchCatW@@YGJPA_WIPB_W@Z 10004370 f i ConEmuPlugin.obj
 0001:00003940       ?FarSetConsoleSize@@YIHFF@Z 10004940 f   ConEmuPlugin.obj
 0001:00003a50       ?OnConsoleDetaching@@YGHPAUHookCallbackArg@@@Z 10004a50 f   ConEmuPlugin.obj
 0001:00003b70       ?OnConsoleWasAttached@@YGXPAUHookCallbackArg@@@Z 10004b70 f   ConEmuPlugin.obj
 0001:00003bd0       ?MonitorThreadProcW@@YGKPAX@Z 10004bd0 f   ConEmuPlugin.obj
 0001:00003f70       ?CommonPluginStartup@@YIXXZ 10004f70 f   ConEmuPlugin.obj
 0001:00004080       _SetStartupInfoW@4         10005080 f   ConEmuPlugin.obj
 0001:000040e0       ?CloseMapHeader@@YIXXZ     100050e0 f   ConEmuPlugin.obj
 0001:00004110       ?OpenMapHeader@@YIHXZ      10005110 f   ConEmuPlugin.obj
 0001:000041d0       ?InitRootKey@@YIXXZ        100051d0 f   ConEmuPlugin.obj
 0001:00004290       ?InitHWND@@YIXXZ           10005290 f   ConEmuPlugin.obj
 0001:000047a0       ?ReloadFarInfo@@YIHH@Z     100057a0 f   ConEmuPlugin.obj
 0001:00004c00       ?UpdateConEmuTabsW@@YI_NH_N0PAX@Z 10005c00 f   ConEmuPlugin.obj
 0001:00004cf0       ?UpdateConEmuTabs@@YI_NH_N0PAX@Z 10005cf0 f   ConEmuPlugin.obj
 0001:00004f10       ?CreateTabs@@YIHH@Z        10005f10 f   ConEmuPlugin.obj
 0001:00004ff0       ?AddTab@@YIHAAH_N1HPB_W2HHHH@Z 10005ff0 f   ConEmuPlugin.obj
 0001:00005430       _wmemcmp                   10006430 f i ConEmuPlugin.obj
 0001:00005490       ?SendTabs@@YIXHH@Z         10006490 f   ConEmuPlugin.obj
 0001:00005660       _ProcessEditorInputW@4     10006660 f   ConEmuPlugin.obj
 0001:000056a0       _ProcessEditorEventW@8     100066a0 f   ConEmuPlugin.obj
 0001:00005730       _ProcessViewerEventW@8     10006730 f   ConEmuPlugin.obj
 0001:000057b0       ?FillLoadedParm@@YIXPAUConEmuLoadedArg@@PAUHINSTANCE__@@H@Z 100067b0 f   ConEmuPlugin.obj
 0001:00005890       ?NotifyConEmuUnloaded@@YIXXZ 10006890 f   ConEmuPlugin.obj
 0001:000059d0       ?StopThread@@YIXXZ         100069d0 f   ConEmuPlugin.obj
 0001:00005d30       ??_G?$MFileMapping@UCESERVER_CONSOLE_MAPPING_HDR@@@@QAEPAXI@Z 10006d30 f i ConEmuPlugin.obj
 0001:00005d60       _ProcessDialogEventW@8     10006d60 f   ConEmuPlugin.obj
 0001:00005d70       ?OpenW@@YGPAXPBX@Z         10006d70 f   ConEmuPlugin.obj
 0001:00005dc0       ?ProcessConsoleInputW@@YGHPAX@Z 10006dc0 f   ConEmuPlugin.obj
 0001:00005df0       ?ProcessEditorEventW3@@YGHPAX@Z 10006df0 f   ConEmuPlugin.obj
 0001:00005e20       ?ProcessViewerEventW3@@YGHPAX@Z 10006e20 f   ConEmuPlugin.obj
 0001:00005e50       ?ProcessDialogEventW3@@YGHPAX@Z 10006e50 f   ConEmuPlugin.obj
 0001:00005e80       ?ProcessSynchroEventW3@@YGHPAX@Z 10006e80 f   ConEmuPlugin.obj
 0001:00005eb0       ?ExitFarCmn@@YIXXZ         10006eb0 f   ConEmuPlugin.obj
 0001:00005ef0       _ExitFARW@0                10006ef0 f   ConEmuPlugin.obj
 0001:00005f60       ?ExitFARW3@@YGXPAX@Z       10006f60 f   ConEmuPlugin.obj
 0001:00005fb0       ?CheckResources@@YIXH@Z    10006fb0 f   ConEmuPlugin.obj
 0001:00006110       ?InitResources@@YIXXZ      10007110 f   ConEmuPlugin.obj
 0001:00006400       ?StringCchCopyNW@@YGJPA_WIPB_WI@Z 10007400 f i ConEmuPlugin.obj
 0001:00006460       ?DataSize@CESERVER_REQ@@QAEKXZ 10007460 f i ConEmuPlugin.obj
 0001:00006490       ?CloseTabs@@YIXXZ          10007490 f   ConEmuPlugin.obj
 0001:00006510       ?OutDataAlloc@@YIHK@Z      10007510 f   ConEmuPlugin.obj
 0001:00006580       ?OutDataRealloc@@YIHK@Z    10007580 f   ConEmuPlugin.obj
 0001:00006660       ?OutDataWrite@@YIHPAXK@Z   10007660 f   ConEmuPlugin.obj
 0001:00006730       ?ShowMessage@@YIHHH@Z      10007730 f   ConEmuPlugin.obj
 0001:000067a0       ?ShowMessage@@YIHPB_WH_N@Z 100077a0 f   ConEmuPlugin.obj
 0001:00006890       ?ShowMessageGui@@YIHHH@Z   10007890 f   ConEmuPlugin.obj
 0001:00006970       ?GetMsgW@@YIPB_WH@Z        10007970 f   ConEmuPlugin.obj
 0001:000069d0       ?PostMacro@@YIXPB_WPAU_INPUT_RECORD@@@Z 100079d0 f   ConEmuPlugin.obj
 0001:00006b30       ?ShowPluginMenu@@YIXW4PluginCallCommands@@@Z 10007b30 f   ConEmuPlugin.obj
 0001:00007560       ?FindServerCmd@@YIHKAAK_N@Z 10008560 f   ConEmuPlugin.obj
 0001:00007660       ?Attach2Gui@@YIHXZ         10008660 f   ConEmuPlugin.obj
 0001:00007b00       ?StartDebugger@@YIHXZ      10008b00 f   ConEmuPlugin.obj
 0001:00007e20       ?wcsrchr@@YAPA_WPA_W_W@Z   10008e20 f i ConEmuPlugin.obj
 0001:00007e40       ?IsMacroActive@@YIHXZ      10008e40 f   ConEmuPlugin.obj
 0001:00007eb0       ?GetMacroArea@@YIHXZ       10008eb0 f   ConEmuPlugin.obj
 0001:00007f10       ?RedrawAll@@YIXXZ          10008f10 f   ConEmuPlugin.obj
 0001:00007f70       ?GetEditorModifiedState@@YIKXZ 10008f70 f   ConEmuPlugin.obj
 0001:00007fc0       ?GetActiveWindowType@@YIHXZ 10008fc0 f   ConEmuPlugin.obj
 0001:00008010       ?RunExternalProgramW@@YI_NPA_W0_N@Z 10009010 f   ConEmuPlugin.obj
 0001:00008240       ?Disable@MWow64Disable@@QAEXXZ 10009240 f i ConEmuPlugin.obj
 0001:00008270       ?Restore@MWow64Disable@@QAEXXZ 10009270 f i ConEmuPlugin.obj
 0001:000082b0       ??0MWow64Disable@@QAE@XZ   100092b0 f i ConEmuPlugin.obj
 0001:00008330       ??1MWow64Disable@@QAE@XZ   10009330 f i ConEmuPlugin.obj
 0001:00008350       ?ShowConsoleInfo@@YIXXZ    10009350 f   ConEmuPlugin.obj
 0001:000084c0       ?GetMainThreadId@@YIKXZ    100094c0 f   ConEmuPlugin.obj
 0001:00008560       ?OnLibraryLoaded@@YGXPAUHINSTANCE__@@@Z 10009560 f   ConEmuPlugin.obj
 0001:000085e0       ?_calloc@@YIPAXII@Z        100095e0 f   ConEmuPlugin.obj
 0001:00008600       ?_malloc@@YIPAXI@Z         10009600 f   ConEmuPlugin.obj
 0001:00008620       ?_free@@YIXPAX@Z           10009620 f   ConEmuPlugin.obj
 0001:00008640       ?Ptr@?$MFileMapping@UCESERVER_CONSOLE_MAPPING_HDR@@@@QAEPAUCESERVER_CONSOLE_MAPPING_HDR@@XZ 10009640 f i ConEmuPlugin.obj
 0001:00008660       ?InitName@?$MFileMapping@UCESERVER_CONSOLE_MAPPING_HDR@@@@QAEPB_WPB_WKK@Z 10009660 f i ConEmuPlugin.obj
 0001:000086b0       ?CloseMap@?$MFileMapping@UCESERVER_CONSOLE_MAPPING_HDR@@@@QAEXXZ 100096b0 f i ConEmuPlugin.obj
 0001:00008720       ?Open@?$MFileMapping@UCESERVER_CONSOLE_MAPPING_HDR@@@@QAEPAUCESERVER_CONSOLE_MAPPING_HDR@@HH@Z 10009720 f i ConEmuPlugin.obj
 0001:00008740       ??0?$MFileMapping@UCESERVER_CONSOLE_MAPPING_HDR@@@@QAE@XZ 10009740 f i ConEmuPlugin.obj
 0001:000087a0       ??1?$MFileMapping@UCESERVER_CONSOLE_MAPPING_HDR@@@@QAE@XZ 100097a0 f i ConEmuPlugin.obj
 0001:000087c0       ?ClosePtr@?$MFileMapping@UCESERVER_CONSOLE_MAPPING_HDR@@@@QAEXXZ 100097c0 f i ConEmuPlugin.obj
 0001:000087f0       ?InternalOpenCreate@?$MFileMapping@UCESERVER_CONSOLE_MAPPING_HDR@@@@IAEPAUCESERVER_CONSOLE_MAPPING_HDR@@HHH@Z 100097f0 f i ConEmuPlugin.obj
 0001:000089e0       ??$wcscpy_c@$0BBE@@@YIHAAY0BBE@_WPB_W@Z 100099e0 f i ConEmuPlugin.obj
 0001:00008a10       ??$wcscat_c@$0BBE@@@YIHAAY0BBE@_WPB_W@Z 10009a10 f i ConEmuPlugin.obj
 0001:00008a40       ??$wcscat_c@$0CAE@@@YIHAAY0CAE@_WPB_W@Z 10009a40 f i ConEmuPlugin.obj
 0001:00008a70       ??$wcscpy_c@$0CAI@@@YIHAAY0CAI@_WPB_W@Z 10009a70 f i ConEmuPlugin.obj
 0001:00008aa0       _GetMinFarVersionW@0       10009aa0 f   ConEmuPlugin995.obj
 0001:00008ab0       ?GetPluginInfoW995@@YIXPAX@Z 10009ab0 f   ConEmuPlugin995.obj
 0001:00008b40       ?ProcessDragFromW995@@YIXXZ 10009b40 f   ConEmuPlugin995.obj
 0001:00009340       ?ProcessDragToW995@@YIXXZ  1000a340 f   ConEmuPlugin995.obj
 0001:00009800       ?SetStartupInfoW995@@YIXPAX@Z 1000a800 f   ConEmuPlugin995.obj
 0001:00009a00       ?GetEditorModifiedStateW995@@YIKXZ 1000aa00 f   ConEmuPlugin995.obj
 0001:00009a40       ?ProcessEditorInputW995@@YIHPBX@Z 1000aa40 f   ConEmuPlugin995.obj
 0001:00009ab0       ?UpdateConEmuTabsW995@@YI_NH_N0PAX@Z 1000aab0 f   ConEmuPlugin995.obj
 0001:00009ef0       ?ExitFARW995@@YIXXZ        1000aef0 f   ConEmuPlugin995.obj
 0001:00009f70       ?ShowMessageW995@@YIHPB_WH_N@Z 1000af70 f   ConEmuPlugin995.obj
 0001:0000a000       ?ShowMessageW995@@YIHHH@Z  1000b000 f   ConEmuPlugin995.obj
 0001:0000a060       ?GetMsgW995@@YIPB_WH@Z     1000b060 f   ConEmuPlugin995.obj
 0001:0000a0a0       ?SetWindowW995@@YIXH@Z     1000b0a0 f   ConEmuPlugin995.obj
 0001:0000a100       ?PostMacroW995@@YIXPB_WPAU_INPUT_RECORD@@@Z 1000b100 f   ConEmuPlugin995.obj
 0001:0000a1a0       ?ShowPluginMenuW995@@YIHPAUConEmuPluginMenuItem@@H@Z 1000b1a0 f   ConEmuPlugin995.obj
 0001:0000a330       ?EditOutputW995@@YIHPB_WH@Z 1000b330 f   ConEmuPlugin995.obj
 0001:0000a3f0       ?ExecuteSynchroW995@@YIHXZ 1000b3f0 f   ConEmuPlugin995.obj
 0001:0000a480       ?WaitEndSynchroW995@@YIXXZ 1000b480 f   ConEmuPlugin995.obj
 0001:0000a610       ?StopWaitEndSynchroW995@@YIXXZ 1000b610 f   ConEmuPlugin995.obj
 0001:0000a640       ?IsMacroActiveW995@@YIHXZ  1000b640 f   ConEmuPlugin995.obj
 0001:0000a6a0       ?GetMacroAreaW995@@YIHXZ   1000b6a0 f   ConEmuPlugin995.obj
 0001:0000a6e0       ?RedrawAllW995@@YIXXZ      1000b6e0 f   ConEmuPlugin995.obj
 0001:0000a710       ?LoadPluginW995@@YI_NPA_W@Z 1000b710 f   ConEmuPlugin995.obj
 0001:0000a740       ?RunExternalProgramW995@@YI_NPA_W@Z 1000b740 f   ConEmuPlugin995.obj
 0001:0000aa30       ?wcschr@@YAPA_WPA_W_W@Z    1000ba30 f i ConEmuPlugin995.obj
 0001:0000aa50       ?wcsstr@@YAPA_WPA_WPB_W@Z  1000ba50 f i ConEmuPlugin995.obj
 0001:0000aa70       ?ProcessCommandLineW995@@YI_NPA_W@Z 1000ba70 f   ConEmuPlugin995.obj
 0001:0000aac0       ?LoadFarColorsW995@@YIXAAY0BAA@E@Z 1000bac0 f   ConEmuPlugin995.obj
 0001:0000abb0       ?ReloadFarInfoW995@@YIHXZ  1000bbb0 f   ConEmuPlugin995.obj
 0001:0000ade0       ?ExecuteQuitFar995@@YIXXZ  1000bde0 f   ConEmuPlugin995.obj
 0001:0000ae30       ?CheckBufferEnabledW995@@YIHXZ 1000be30 f   ConEmuPlugin995.obj
 0001:0000aed0       ?FillUpdateBackgroundW995@@YIXPAUPaintBackgroundArg@@@Z 1000bed0 f   ConEmuPlugin995.obj
 0001:0000b2a0       ?GetActiveWindowTypeW995@@YIHXZ 1000c2a0 f   ConEmuPlugin995.obj
 0001:0000b370       ?GuiMacroDlgW995@@YIXXZ    1000c370 f   ConEmuPlugin995.obj
 0001:0000b880       ?GetPluginInfoW1900@@YIXPAX@Z 1000c880 f   ConEmuPlugin1900.obj
 0001:0000b8f0       ?ProcessDragFromW1900@@YIXXZ 1000c8f0 f   ConEmuPlugin1900.obj
 0001:0000c220       ?ProcessDragToW1900@@YIXXZ 1000d220 f   ConEmuPlugin1900.obj
 0001:0000c7b0       ?SetStartupInfoW1900@@YIXPAX@Z 1000d7b0 f   ConEmuPlugin1900.obj
 0001:0000c920       ?GetEditorModifiedStateW1900@@YIKXZ 1000d920 f   ConEmuPlugin1900.obj
 0001:0000c960       ?ProcessEditorEventW1900@@YGHPAX@Z 1000d960 f   ConEmuPlugin1900.obj
 0001:0000c990       ?ProcessViewerEventW1900@@YGHPAX@Z 1000d990 f   ConEmuPlugin1900.obj
 0001:0000c9c0       ?ProcessDialogEventW1900@@YGHPAX@Z 1000d9c0 f   ConEmuPlugin1900.obj
 0001:0000c9f0       ?ProcessSynchroEventW1900@@YGHPAX@Z 1000d9f0 f   ConEmuPlugin1900.obj
 0001:0000ca20       ?ProcessEditorInputW1900@@YIHPBX@Z 1000da20 f   ConEmuPlugin1900.obj
 0001:0000caa0       ?UpdateConEmuTabsW1900@@YI_NH_N0PAX@Z 1000daa0 f   ConEmuPlugin1900.obj
 0001:0000d210       ?ExitFARW1900@@YIXXZ       1000e210 f   ConEmuPlugin1900.obj
 0001:0000d290       ?ShowMessageW1900@@YIHPB_WH_N@Z 1000e290 f   ConEmuPlugin1900.obj
 0001:0000d380       ?ShowMessageW1900@@YIHHH@Z 1000e380 f   ConEmuPlugin1900.obj
 0001:0000d3e0       ?GetMsgW1900@@YIPB_WH@Z    1000e3e0 f   ConEmuPlugin1900.obj
 0001:0000d420       ?SetWindowW1900@@YIXH@Z    1000e420 f   ConEmuPlugin1900.obj
 0001:0000d480       ?PostMacroW1900@@YIXPB_WPAU_INPUT_RECORD@@@Z 1000e480 f   ConEmuPlugin1900.obj
 0001:0000db80       ?ShowPluginMenuW1900@@YIHPAUConEmuPluginMenuItem@@H@Z 1000eb80 f   ConEmuPlugin1900.obj
 0001:0000dda0       ?EditOutputW1900@@YIHPB_WH@Z 1000eda0 f   ConEmuPlugin1900.obj
 0001:0000de60       ?ExecuteSynchroW1900@@YIHXZ 1000ee60 f   ConEmuPlugin1900.obj
 0001:0000def0       ?WaitEndSynchroW1900@@YIXXZ 1000eef0 f   ConEmuPlugin1900.obj
 0001:0000df00       ?StopWaitEndSynchroW1900@@YIXXZ 1000ef00 f   ConEmuPlugin1900.obj
 0001:0000df30       ?IsMacroActiveW1900@@YIHXZ 1000ef30 f   ConEmuPlugin1900.obj
 0001:0000df70       ?GetMacroAreaW1900@@YIHXZ  1000ef70 f   ConEmuPlugin1900.obj
 0001:0000dfa0       ?RedrawAllW1900@@YIXXZ     1000efa0 f   ConEmuPlugin1900.obj
 0001:0000dfd0       ?LoadPluginW1900@@YI_NPA_W@Z 1000efd0 f   ConEmuPlugin1900.obj
 0001:0000e000       ?RunExternalProgramW1900@@YI_NPA_W@Z 1000f000 f   ConEmuPlugin1900.obj
 0001:0000e2e0       ?ProcessCommandLineW1900@@YI_NPA_W@Z 1000f2e0 f   ConEmuPlugin1900.obj
 0001:0000e330       ?LoadFarColorsW1900@@YIXAAY0BAA@E@Z 1000f330 f   ConEmuPlugin1900.obj
 0001:0000e4c0       ?FarColor_3_2@@YIEABUFarColor@@@Z 1000f4c0 f i ConEmuPlugin1900.obj
 0001:0000e5c0       ?Color2FgIndex@Far3Color@@SIXKAAG@Z 1000f5c0 f i ConEmuPlugin1900.obj
 0001:0000e700       ?Max@Far3Color@@SIHHH@Z    1000f700 f i ConEmuPlugin1900.obj
 0001:0000e730       ?GetStdIndex@Far3Color@@SIHK@Z 1000f730 f i ConEmuPlugin1900.obj
 0001:0000e7e0       ?Color2BgIndex@Far3Color@@SIXKHAAG@Z 1000f7e0 f i ConEmuPlugin1900.obj
 0001:0000e950       ?ReloadFarInfoW1900@@YIHXZ 1000f950 f   ConEmuPlugin1900.obj
 0001:0000ed10       ?ExecuteQuitFarW1900@@YIXXZ 1000fd10 f   ConEmuPlugin1900.obj
 0001:0000ed60       ?CheckBufferEnabledW1900@@YIHXZ 1000fd60 f   ConEmuPlugin1900.obj
 0001:0000ee00       ?FillUpdateBackgroundW1900@@YIXPAUPaintBackgroundArg@@@Z 1000fe00 f   ConEmuPlugin1900.obj
 0001:0000f320       ?GetActiveWindowTypeW1900@@YIHXZ 10010320 f   ConEmuPlugin1900.obj
 0001:0000f3e0       ?GuiMacroDlgW1900@@YIXXZ   100103e0 f   ConEmuPlugin1900.obj
 0001:0000f9a0       ?OpenW1900@@YGPAXPBX@Z     100109a0 f   ConEmuPlugin1900.obj
 0001:0000fac0       ?ProcessConsoleInputW1900@@YGHPAX@Z 10010ac0 f   ConEmuPlugin1900.obj
 0001:0000fae0       ?GetPluginInfoW2800@@YIXPAX@Z 10010ae0 f   ConEmuPlugin2800.obj
 0001:0000fb50       ?ProcessDragFromW2800@@YIXXZ 10010b50 f   ConEmuPlugin2800.obj
 0001:00010480       ?ProcessDragToW2800@@YIXXZ 10011480 f   ConEmuPlugin2800.obj
 0001:00010a10       ?SetStartupInfoW2800@@YIXPAX@Z 10011a10 f   ConEmuPlugin2800.obj
 0001:00010b80       ?GetEditorModifiedStateW2800@@YIKXZ 10011b80 f   ConEmuPlugin2800.obj
 0001:00010bc0       ?ProcessEditorEventW2800@@YGHPAX@Z 10011bc0 f   ConEmuPlugin2800.obj
 0001:00010bf0       ?ProcessViewerEventW2800@@YGHPAX@Z 10011bf0 f   ConEmuPlugin2800.obj
 0001:00010c20       ?ProcessDialogEventW2800@@YGHPAX@Z 10011c20 f   ConEmuPlugin2800.obj
 0001:00010c50       ?ProcessSynchroEventW2800@@YGHPAX@Z 10011c50 f   ConEmuPlugin2800.obj
 0001:00010c80       ?ProcessEditorInputW2800@@YIHPBX@Z 10011c80 f   ConEmuPlugin2800.obj
 0001:00010d00       ?UpdateConEmuTabsW2800@@YI_NH_N0PAX@Z 10011d00 f   ConEmuPlugin2800.obj
 0001:00011500       ?ExitFARW2800@@YIXXZ       10012500 f   ConEmuPlugin2800.obj
 0001:00011580       ?ShowMessageW2800@@YIHPB_WH_N@Z 10012580 f   ConEmuPlugin2800.obj
 0001:00011670       ?ShowMessageW2800@@YIHHH@Z 10012670 f   ConEmuPlugin2800.obj
 0001:000116d0       ?GetMsgW2800@@YIPB_WH@Z    100126d0 f   ConEmuPlugin2800.obj
 0001:00011710       ?SetWindowW2800@@YIXH@Z    10012710 f   ConEmuPlugin2800.obj
 0001:00011770       ?BackgroundMacroError@@YGKPAX@Z 10012770 f   ConEmuPlugin2800.obj
 0001:000117c0       ?PostMacroW2800@@YIXPB_WPAU_INPUT_RECORD@@@Z 100127c0 f   ConEmuPlugin2800.obj
 0001:00011b30       ?ShowPluginMenuW2800@@YIHPAUConEmuPluginMenuItem@@H@Z 10012b30 f   ConEmuPlugin2800.obj
 0001:00011d50       ?EditOutputW2800@@YIHPB_WH@Z 10012d50 f   ConEmuPlugin2800.obj
 0001:00011e10       ?ExecuteSynchroW2800@@YIHXZ 10012e10 f   ConEmuPlugin2800.obj
 0001:00011ea0       ?WaitEndSynchroW2800@@YIXXZ 10012ea0 f   ConEmuPlugin2800.obj
 0001:00011eb0       ?StopWaitEndSynchroW2800@@YIXXZ 10012eb0 f   ConEmuPlugin2800.obj
 0001:00011ee0       ?IsMacroActiveW2800@@YIHXZ 10012ee0 f   ConEmuPlugin2800.obj
 0001:00011f20       ?GetMacroAreaW2800@@YIHXZ  10012f20 f   ConEmuPlugin2800.obj
 0001:00011f50       ?RedrawAllW2800@@YIXXZ     10012f50 f   ConEmuPlugin2800.obj
 0001:00011f80       ?LoadPluginW2800@@YI_NPA_W@Z 10012f80 f   ConEmuPlugin2800.obj
 0001:00011fb0       ?RunExternalProgramW2800@@YI_NPA_W@Z 10012fb0 f   ConEmuPlugin2800.obj
 0001:00012290       ?ProcessCommandLineW2800@@YI_NPA_W@Z 10013290 f   ConEmuPlugin2800.obj
 0001:000122e0       ?LoadFarColorsW2800@@YIXAAY0BAA@E@Z 100132e0 f   ConEmuPlugin2800.obj
 0001:00012470       ?ReloadFarInfoW2800@@YIHXZ 10013470 f   ConEmuPlugin2800.obj
 0001:00012830       ?ExecuteQuitFarW2800@@YIXXZ 10013830 f   ConEmuPlugin2800.obj
 0001:00012880       ?CheckBufferEnabledW2800@@YIHXZ 10013880 f   ConEmuPlugin2800.obj
 0001:00012920       ?FillUpdateBackgroundW2800@@YIXPAUPaintBackgroundArg@@@Z 10013920 f   ConEmuPlugin2800.obj
 0001:00012e40       ?GetActiveWindowTypeW2800@@YIHXZ 10013e40 f   ConEmuPlugin2800.obj
 0001:00012f00       ?GuiMacroDlgW2800@@YIXXZ   10013f00 f   ConEmuPlugin2800.obj
 0001:00013450       _GetGlobalInfoW@4          10014450 f   ConEmuPlugin2800.obj
 0001:00013630       ?OpenW2800@@YGPAXPBX@Z     10014630 f   ConEmuPlugin2800.obj
 0001:00013770       ?ProcessConsoleInputW2800@@YGHPAX@Z 10014770 f   ConEmuPlugin2800.obj
 0001:00013790       _GetMinFarVersion@0        10014790 f   ConEmuPluginA.obj
 0001:000137e0       _OpenPlugin@8              100147e0 f   ConEmuPluginA.obj
 0001:00013850       ?ProcessDragFromA@@YIXXZ   10014850 f   ConEmuPluginA.obj
 0001:00013f40       ?ProcessDragToA@@YIXXZ     10014f40 f   ConEmuPluginA.obj
 0001:000143f0       _SetStartupInfo@4          100153f0 f   ConEmuPluginA.obj
 0001:00014630       _GetPluginInfo@4           10015630 f   ConEmuPluginA.obj
 0001:000146e0       ?GetEditorModifiedStateA@@YIKXZ 100156e0 f   ConEmuPluginA.obj
 0001:00014720       _ProcessEditorInput@4      10015720 f   ConEmuPluginA.obj
 0001:00014790       _ProcessEditorEvent@8      10015790 f   ConEmuPluginA.obj
 0001:00014820       _ProcessViewerEvent@8      10015820 f   ConEmuPluginA.obj
 0001:000148a0       ?UpdateConEmuTabsA@@YI_NH_N0PAX@Z 100158a0 f   ConEmuPluginA.obj
 0001:00014c70       _ProcessDialogEvent@8      10015c70 f   ConEmuPluginA.obj
 0001:00014c80       _ExitFAR@0                 10015c80 f   ConEmuPluginA.obj
 0001:00014d00       ?ShowMessageA@@YIHPBDH_N@Z 10015d00 f   ConEmuPluginA.obj
 0001:00014d80       ?ShowMessageA@@YIHHH@Z     10015d80 f   ConEmuPluginA.obj
 0001:00014de0       ?SetWindowA@@YIXH@Z        10015de0 f   ConEmuPluginA.obj
 0001:00014e50       ?PostMacroA@@YIXPADPAU_INPUT_RECORD@@@Z 10015e50 f   ConEmuPluginA.obj
 0001:00014f00       ?ShowPluginMenuA@@YIHPAUConEmuPluginMenuItem@@H@Z 10015f00 f   ConEmuPluginA.obj
 0001:000150f0       ?EditOutputA@@YIHPB_WH@Z   100160f0 f   ConEmuPluginA.obj
 0001:00015210       ?GetMsgA@@YIXHAAY0BAE@_W@Z 10016210 f   ConEmuPluginA.obj
 0001:000152c0       ?IsMacroActiveA@@YIHXZ     100162c0 f   ConEmuPluginA.obj
 0001:00015320       ?RedrawAllA@@YIXXZ         10016320 f   ConEmuPluginA.obj
 0001:00015350       ?RunExternalProgramA@@YI_NPAD@Z 10016350 f   ConEmuPluginA.obj
 0001:000155f0       ?ProcessCommandLineA@@YI_NPAD@Z 100165f0 f   ConEmuPluginA.obj
 0001:00015640       ?LoadFarColorsA@@YIXAAY0BAA@E@Z 10016640 f   ConEmuPluginA.obj
 0001:00015730       ?ReloadFarInfoA@@YIHXZ     10016730 f   ConEmuPluginA.obj
 0001:000158a0       ?ExecuteQuitFarA@@YIXXZ    100168a0 f   ConEmuPluginA.obj
 0001:000158c0       ?FillUpdateBackgroundA@@YIXPAUPaintBackgroundArg@@@Z 100168c0 f   ConEmuPluginA.obj
 0001:00015bd0       ?GetActiveWindowTypeA@@YIHXZ 10016bd0 f   ConEmuPluginA.obj
 0001:00015c50       ?GuiMacroDlgA@@YIXXZ       10016c50 f   ConEmuPluginA.obj
 0001:000162a0       ??0CPluginBackground@@QAE@XZ 100172a0 f   PluginBackground.obj
 0001:000164e0       ??1CPluginBackground@@QAE@XZ 100174e0 f   PluginBackground.obj
 0001:00016730       ?RegisterSubplugin@CPluginBackground@@QAEHPAURegisterBackgroundArg@@@Z 10017730 f   PluginBackground.obj
 0001:00016a20       ?ReallocItems@CPluginBackground@@IAEXH@Z 10017a20 f   PluginBackground.obj
 0001:00016aa0       ?OnMainThreadActivated@CPluginBackground@@QAEXHH@Z 10017aa0 f   PluginBackground.obj
 0001:00016bc0       ?SetForceCheck@CPluginBackground@@QAEXXZ 10017bc0 f   PluginBackground.obj
 0001:00016bf0       ?SetForceUpdate@CPluginBackground@@QAEX_N@Z 10017bf0 f   PluginBackground.obj
 0001:00016c30       ?SetForceThLoad@CPluginBackground@@QAEXXZ 10017c30 f   PluginBackground.obj
 0001:00016c70       ?IsParmChanged@CPluginBackground@@IAE_NPAUPaintBackgroundArg@@0@Z 10017c70 f   PluginBackground.obj
 0001:00016f50       ?CheckPanelFolders@CPluginBackground@@IAEXH@Z 10017f50 f   PluginBackground.obj
 0001:000170b0       ?SetDcPanelRect@CPluginBackground@@IAEXPAUtagRECT@@PAUtag_BkPanelInfo@PaintBackgroundArg@@PAU4@@Z 100180b0 f   PluginBackground.obj
 0001:000171f0       ?UpdateBackground_Exec@CPluginBackground@@KIXPAURegisterBackgroundArg@@PAUPaintBackgroundArg@@@Z 100181f0 f   PluginBackground.obj
 0001:00017240       ?UpdateBackground@CPluginBackground@@IAEXXZ 10018240 f   PluginBackground.obj
 0001:000180a0       ?LoadThSet@CPluginBackground@@IAEHH@Z 100190a0 f   PluginBackground.obj
 0001:000182c0       ?MonitorBackground@CPluginBackground@@QAEXXZ 100192c0 f   PluginBackground.obj
 0001:00018370       ?GetTo@?$MFileMapping@UPanelViewSetMapping@@@@QAE_NPAUPanelViewSetMapping@@H@Z 10019370 f i PluginBackground.obj
 0001:000183c0       ?InitName@?$MFileMapping@UPanelViewSetMapping@@@@QAEPB_WPB_WKK@Z 100193c0 f i PluginBackground.obj
 0001:00018410       ?CloseMap@?$MFileMapping@UPanelViewSetMapping@@@@QAEXXZ 10019410 f i PluginBackground.obj
 0001:00018480       ?Open@?$MFileMapping@UPanelViewSetMapping@@@@QAEPAUPanelViewSetMapping@@HH@Z 10019480 f i PluginBackground.obj
 0001:000184a0       ??0?$MFileMapping@UPanelViewSetMapping@@@@QAE@XZ 100194a0 f i PluginBackground.obj
 0001:00018500       ??1?$MFileMapping@UPanelViewSetMapping@@@@QAE@XZ 10019500 f i PluginBackground.obj
 0001:00018520       ?IsValid@?$MFileMapping@UPanelViewSetMapping@@@@QAE_NXZ 10019520 f i PluginBackground.obj
 0001:00018540       ?ClosePtr@?$MFileMapping@UPanelViewSetMapping@@@@QAEXXZ 10019540 f i PluginBackground.obj
 0001:00018570       ?InternalOpenCreate@?$MFileMapping@UPanelViewSetMapping@@@@IAEPAUPanelViewSetMapping@@HHH@Z 10019570 f i PluginBackground.obj
 0001:00018840       ?PlugServerInit@@YIXXZ     10019840 f   PluginSrv.obj
 0001:00018850       ?PlugServerStart@@YI_NXZ   10019850 f   PluginSrv.obj
 0001:00018940       ?PlugServerStop@@YIX_N@Z   10019940 f   PluginSrv.obj
 0001:00018990       ?cmd_FarSetChanged@@YIXPAUFAR_REQ_FARSETCHANGED@@@Z 10019990 f   PluginSrv.obj
 0001:000189f0       ?PlugServerCommand@@YGHPAXPAUCESERVER_REQ@@AAPAU1@AAK3J@Z 100199f0 f   PluginSrv.obj
 0001:00018f70       ?PlugServerFree@@YGXPAUCESERVER_REQ@@J@Z 10019f70 f   PluginSrv.obj
 0001:00018f80       ?SetOverlapped@?$PipeServer@UCESERVER_REQ@@@@QAEX_N@Z 10019f80 f i PluginSrv.obj
 0001:00018fa0       ?SetLoopCommands@?$PipeServer@UCESERVER_REQ@@@@QAEX_N@Z 10019fa0 f i PluginSrv.obj
 0001:00018fc0       ?SetDummyAnswerSize@?$PipeServer@UCESERVER_REQ@@@@QAEXH@Z 10019fc0 f i PluginSrv.obj
 0001:00018fe0       ?SetMaxCount@?$PipeServer@UCESERVER_REQ@@@@QAEXH@Z 10019fe0 f i PluginSrv.obj
 0001:00019020       ?StartPipeServer@?$PipeServer@UCESERVER_REQ@@@@QAE_NPB_WJPAU_SECURITY_ATTRIBUTES@@P6GHPAXPAUCESERVER_REQ@@AAPAU3@AAK5J@ZP6GX3J@ZP6GH2J@Z88@Z 1001a020 f i PluginSrv.obj
 0001:00019200       ?StopPipeServer@?$PipeServer@UCESERVER_REQ@@@@QAEX_N@Z 1001a200 f i PluginSrv.obj
 0001:00019720       ?BreakConnection@?$PipeServer@UCESERVER_REQ@@@@QAEXPAX@Z 1001a720 f i PluginSrv.obj
 0001:00019740       ?DumpError@?$PipeServer@UCESERVER_REQ@@@@IAEXPAUPipeInst@1@PB_WH@Z 1001a740 f i PluginSrv.obj
 0001:00019830       ?_Disconnect@?$PipeServer@UCESERVER_REQ@@@@IAEXPAUPipeInst@1@_N11@Z 1001a830 f i PluginSrv.obj
 0001:000198b0       ?StartPipeInstance@?$PipeServer@UCESERVER_REQ@@@@IAE_NPAUPipeInst@1@@Z 1001a8b0 f i PluginSrv.obj
 0001:000199b0       ?_PipeServerThread@?$PipeServer@UCESERVER_REQ@@@@KGKPAX@Z 1001a9b0 f i PluginSrv.obj
 0001:00019a30       ?PipeServerThread@?$PipeServer@UCESERVER_REQ@@@@IAEKPAUPipeInst@1@@Z 1001aa30 f i PluginSrv.obj
 0001:00019dc0       ?PipeServerRead@?$PipeServer@UCESERVER_REQ@@@@IAEHPAUPipeInst@1@@Z 1001adc0 f i PluginSrv.obj
 0001:0001a150       ?PipeServerWrite@?$PipeServer@UCESERVER_REQ@@@@IAEHPAUPipeInst@1@PBXKPAKH@Z 1001b150 f i PluginSrv.obj
 0001:0001a2f0       ?WaitForClient@?$PipeServer@UCESERVER_REQ@@@@IAE_NPAUPipeInst@1@AAH1@Z 1001b2f0 f i PluginSrv.obj
 0001:0001a6d0       ?WriteDummyAnswer@?$PipeServer@UCESERVER_REQ@@@@IAEHPAUPipeInst@1@@Z 1001b6d0 f i PluginSrv.obj
 0001:0001a750       ?WaitOverlapped@?$PipeServer@UCESERVER_REQ@@@@IAEHPAUPipeInst@1@PAK@Z 1001b750 f i PluginSrv.obj
 0001:0001a980       ?AllocRequestBuf@PipeInst@?$PipeServer@UCESERVER_REQ@@@@QAEPAUCESERVER_REQ@@K@Z 1001b980 f i PluginSrv.obj
 0001:0001aa00       ??$wcscpy_c@$0BAE@@@YIHAAY0BAE@_WPB_W@Z 1001ba00 f i PluginSrv.obj
 0001:0001ab10       ?PackInputRecord@@YIHPBU_INPUT_RECORD@@PAUMsgStr@MSG64@@@Z 1001bb10 f   Common.obj
 0001:0001ad20       ?UnpackInputRecord@@YIHPBUMsgStr@MSG64@@PAU_INPUT_RECORD@@@Z 1001bd20 f   Common.obj
 0001:0001af80       ?TranslateKeyPress@@YIXGK_WHPAU_INPUT_RECORD@@1@Z 1001bf80 f   Common.obj
 0001:0001b0f0       ?CommonShutdown@@YIXXZ     1001c0f0 f   Common.obj
 0001:0001b120       ?GetImageSubsystem@@YI_NPB_WAAK11@Z 1001c120 f   Execute.obj
 0001:0001b470       ?GetImageSubsystem@@YI_NAAK0@Z 1001c470 f   Execute.obj
 0001:0001b520       ?GetImageSubsystem@@YI_NU_PROCESS_INFORMATION@@AAK1@Z 1001c520 f   Execute.obj
 0001:0001b710       ?GetEnclosingSectionHeader@@YIPAU_IMAGE_SECTION_HEADER@@KPAUIMAGE_MAPPING@@@Z 1001c710 f   Execute.obj
 0001:0001b7a0       ?GetPtrFromRVA@@YIPAXKPAUIMAGE_MAPPING@@@Z 1001c7a0 f   Execute.obj
 0001:0001b800       ?FindImageSubsystem@@YI_NPB_WAAK11@Z 1001c800 f   Execute.obj
 0001:0001c120       ?ModuleName@@YIPB_WPB_W@Z  1001d120 f   ConEmuCheck.obj
 0001:0001c200       ?ExecuteOpenPipe@@YIPAXPB_WAAY0CAI@_W0KKHPAX@Z 1001d200 f   ConEmuCheck.obj
 0001:0001c480       ?ExecutePrepareCmd@@YIXPAUCESERVER_REQ@@KI@Z 1001d480 f   ConEmuCheck.obj
 0001:0001c4d0       ?ExecutePrepareCmd@@YIXPAUCESERVER_REQ_HDR@@KI@Z 1001d4d0 f   ConEmuCheck.obj
 0001:0001c570       ?ExecuteNewCmd@@YIPAUCESERVER_REQ@@KI@Z 1001d570 f   ConEmuCheck.obj
 0001:0001c5d0       ?ExecuteNewCmd@@YIHAAPAUCESERVER_REQ@@AAKKI@Z 1001d5d0 f   ConEmuCheck.obj
 0001:0001c650       ?LoadSrvMapping@@YIHPAUHWND__@@AAUCESERVER_CONSOLE_MAPPING_HDR@@@Z 1001d650 f   ConEmuCheck.obj
 0001:0001c770       ?LoadGuiMapping@@YIHKAAUConEmuGuiMapping@@@Z 1001d770 f   ConEmuCheck.obj
 0001:0001c890       ?ExecuteNewCmdOnCreate@@YIPAUCESERVER_REQ@@PAUCESERVER_CONSOLE_MAPPING_HDR@@PAUHWND__@@W4CmdOnCreateType@@PB_W33PAK444HHPAX55@Z 1001d890 f   ConEmuCheck.obj
 0001:0001cd00       ?ExecuteGuiCmd@@YIPAUCESERVER_REQ@@PAUHWND__@@PAU1@0H@Z 1001dd00 f   ConEmuCheck.obj
 0001:0001cd90       ?ExecuteSrvCmd@@YIPAUCESERVER_REQ@@KPAU1@PAUHWND__@@HK@Z 1001dd90 f   ConEmuCheck.obj
 0001:0001ce30       ?ExecuteHkCmd@@YIPAUCESERVER_REQ@@KPAU1@PAUHWND__@@H@Z 1001de30 f   ConEmuCheck.obj
 0001:0001ced0       ?ExecuteCmd@@YIPAUCESERVER_REQ@@PB_WPAU1@KPAUHWND__@@HK@Z 1001ded0 f   ConEmuCheck.obj
 0001:0001d1f0       ?ExecuteFreeResult@@YIXAAPAUCESERVER_REQ@@@Z 1001e1f0 f   ConEmuCheck.obj
 0001:0001d230       ?myGetConsoleWindow@@YIPAUHWND__@@XZ 1001e230 f   ConEmuCheck.obj
 0001:0001d2b0       ?GetConEmuHWND@@YIPAUHWND__@@H@Z 1001e2b0 f   ConEmuCheck.obj
 0001:0001d460       ?ConEmuCheck@@YIHPAPAUHWND__@@@Z 1001e460 f   ConEmuCheck.obj
 0001:0001d4a0       ?GuiMessageBox@@YIHPAUHWND__@@PB_W1H@Z 1001e4a0 f   ConEmuCheck.obj
 0001:0001d660       ?InitName@?$MFileMapping@UConEmuGuiMapping@@@@QAEPB_WPB_WKK@Z 1001e660 f i ConEmuCheck.obj
 0001:0001d6b0       ?CloseMap@?$MFileMapping@UConEmuGuiMapping@@@@QAEXXZ 1001e6b0 f i ConEmuCheck.obj
 0001:0001d720       ?Open@?$MFileMapping@UConEmuGuiMapping@@@@QAEPAUConEmuGuiMapping@@HH@Z 1001e720 f i ConEmuCheck.obj
 0001:0001d740       ??0?$MFileMapping@UConEmuGuiMapping@@@@QAE@XZ 1001e740 f i ConEmuCheck.obj
 0001:0001d7a0       ??1?$MFileMapping@UConEmuGuiMapping@@@@QAE@XZ 1001e7a0 f i ConEmuCheck.obj
 0001:0001d7c0       ?ClosePtr@?$MFileMapping@UConEmuGuiMapping@@@@QAEXXZ 1001e7c0 f i ConEmuCheck.obj
 0001:0001d7f0       ?InternalOpenCreate@?$MFileMapping@UConEmuGuiMapping@@@@IAEPAUConEmuGuiMapping@@HHH@Z 1001e7f0 f i ConEmuCheck.obj
 0001:0001d9e0       ??$wcscpy_c@$0CA@@@YIHAAY0CA@_WPB_W@Z 1001e9e0 f i ConEmuCheck.obj
 0001:0001da10       ?LoadGuiMapping@@YIHPAUHWND__@@AAUConEmuGuiMapping@@@Z 1001ea10 f   ConEmuCheckEx.obj
 0001:0001da50       ?IsConEmuExeExist@@YIHPB_WAAY0BAF@_W@Z 1001ea50 f   ConEmuCheckEx.obj
 0001:0001db00       ?FindConEmuBaseDir@@YIHAAY0BAF@_W0PAUHINSTANCE__@@@Z 1001eb00 f   ConEmuCheckEx.obj
 0001:0001e0a0       ??$wcscpy_c@$0BAF@@@YIHAAY0BAF@_WPB_W@Z 1001f0a0 f i ConEmuCheckEx.obj
 0001:0001e1b0       ??$wcscpy_add@$0BAF@@@YIHPA_WAAY0BAF@_WPB_W@Z 1001f1b0 f i ConEmuCheckEx.obj
 0001:0001e200       ??$wcscat_c@$0BAF@@@YIHAAY0BAF@_WPB_W@Z 1001f200 f i ConEmuCheckEx.obj
 0001:0001e2f0       ?HeapInitialize@@YI_NXZ    1001f2f0 f   Memory.obj
 0001:0001e320       ?HeapDeinitialize@@YIXXZ   1001f320 f   Memory.obj
 0001:0001e350       ?xf_malloc@@YAPAXI@Z       1001f350 f   Memory.obj
 0001:0001e380       ?xf_calloc@@YAPAXII@Z      1001f380 f   Memory.obj
 0001:0001e3b0       ?xf_realloc@@YAPAXPAXI@Z   1001f3b0 f   Memory.obj
 0001:0001e3e0       ?xf_free@@YAXPAX@Z         1001f3e0 f   Memory.obj
 0001:0001e410       ?xf_validate@@YA_NPAX@Z    1001f410 f   Memory.obj
 0001:0001e440       ??2@YAPAXI@Z               1001f440 f   Memory.obj
 0001:0001e460       ??_U@YAPAXI@Z              1001f460 f   Memory.obj
 0001:0001e480       ??3@YAXPAX@Z               1001f480 f   Memory.obj
 0001:0001e4a0       ??_V@YAXPAX@Z              1001f4a0 f   Memory.obj
 0001:0001e4c0       ?lstrdup@@YIPADPBD@Z       1001f4c0 f   Memory.obj
 0001:0001e530       ?StringCchCopyA@@YGJPADIPBD@Z 1001f530 f i Memory.obj
 0001:0001e650       ?lstrdup@@YIPA_WPB_WI@Z    1001f650 f   Memory.obj
 0001:0001e7b0       ?lstrdupW@@YIPA_WPBDI@Z    1001f7b0 f   Memory.obj
 0001:0001e830       ?lstrmerge@@YIPA_WPB_W000@Z 1001f830 f   Memory.obj
 0001:0001e950       ?lstrmerge@@YI_NPAPA_WPB_W11@Z 1001f950 f   Memory.obj
 0001:0001e9b0       ?FindMonitorsWorkspace@@YGHPAUHMONITOR__@@PAUHDC__@@PAUtagRECT@@J@Z 1001f9b0 f   Monitors.obj
 0001:0001ea30       ?GetAllMonitorsWorkspace@@YI?AUtagRECT@@XZ 1001fa30 f   Monitors.obj
 0001:0001eab0       ?FindPrimaryMonitor@@YGHPAUHMONITOR__@@PAUHDC__@@PAUtagRECT@@J@Z 1001fab0 f   Monitors.obj
 0001:0001eb30       ?GetMonitorInfoSafe@@YI_NPAUHMONITOR__@@AAUtagMONITORINFO@@@Z 1001fb30 f   Monitors.obj
 0001:0001eb80       ?GetPrimaryMonitorInfo@@YIPAUHMONITOR__@@PAUtagMONITORINFO@@@Z 1001fb80 f   Monitors.obj
 0001:0001ec30       ?GetNearestMonitorInfo@@YIPAUHMONITOR__@@PAUtagMONITORINFO@@PAU1@PBUtagRECT@@PAUHWND__@@@Z 1001fc30 f   Monitors.obj
 0001:0001ed20       ?EnumAllMonitors@@YGHPAUHMONITOR__@@PAUHDC__@@PAUtagRECT@@J@Z 1001fd20 f   Monitors.obj
 0001:0001ed90       ?MonitorSortCallback@@YIHAAU_FindAllMonitorsItem@@0@Z 1001fd90 f   Monitors.obj
 0001:0001ee00       ?GetNextMonitorInfo@@YIPAUHMONITOR__@@PAUtagMONITORINFO@@PBUtagRECT@@_N@Z 1001fe00 f   Monitors.obj
 0001:0001f010       ??0_FindAllMonitors@@QAE@XZ 10020010 f i Monitors.obj
 0001:0001f030       ??1_FindAllMonitors@@QAE@XZ 10020030 f i Monitors.obj
 0001:0001f050       ??0?$MArray@U_FindAllMonitorsItem@@@@QAE@XZ 10020050 f i Monitors.obj
 0001:0001f090       ??1?$MArray@U_FindAllMonitorsItem@@@@QAE@XZ 10020090 f i Monitors.obj
 0001:0001f0b0       ??A?$MArray@U_FindAllMonitorsItem@@@@QAEAAU_FindAllMonitorsItem@@H@Z 100200b0 f i Monitors.obj
 0001:0001f0d0       ?push_back@?$MArray@U_FindAllMonitorsItem@@@@QAEHABU_FindAllMonitorsItem@@@Z 100200d0 f i Monitors.obj
 0001:0001f160       ?size@?$MArray@U_FindAllMonitorsItem@@@@QBEHXZ 10020160 f i Monitors.obj
 0001:0001f180       ?sort@?$MArray@U_FindAllMonitorsItem@@@@QAEXP6IHAAU_FindAllMonitorsItem@@0@Z@Z 10020180 f i Monitors.obj
 0001:0001f270       ?clear@?$MArray@U_FindAllMonitorsItem@@@@QAEXXZ 10020270 f i Monitors.obj
 0001:0001f2c0       ?addsize@?$MArray@U_FindAllMonitorsItem@@@@QAEXH@Z 100202c0 f i Monitors.obj
 0001:0001f3b0       ?NullSecurity@@YIPAU_SECURITY_ATTRIBUTES@@XZ 100203b0 f   MSecurity.obj
 0001:0001f400       ??0MNullDesc@@QAE@XZ       10020400 f i MSecurity.obj
 0001:0001f460       ?NullSecurity@MNullDesc@@QAEPAU_SECURITY_ATTRIBUTES@@XZ 10020460 f i MSecurity.obj
 0001:0001f560       ?LoadAdvApi@MNullDesc@@IAEHXZ 10020560 f i MSecurity.obj
 0001:0001f7b0       ?UnloadAdvApi@MNullDesc@@IAEXXZ 100207b0 f i MSecurity.obj
 0001:0001f7e0       ?LocalSecurity@@YIPAU_SECURITY_ATTRIBUTES@@XZ 100207e0 f   MSecurity.obj
 0001:0001f830       ?LocalSecurity@MNullDesc@@QAEPAU_SECURITY_ATTRIBUTES@@XZ 10020830 f i MSecurity.obj
 0001:0001fa50       ?ShutdownSecurity@@YIXXZ   10020a50 f   MSecurity.obj
 0001:0001faa0       ??_GMNullDesc@@QAEPAXI@Z   10020aa0 f i MSecurity.obj
 0001:0001fad0       ??1MNullDesc@@QAE@XZ       10020ad0 f i MSecurity.obj
 0001:0001fb30       ?msprintf@@YAPB_WPA_WIPB_WZZ 10020b30 f   MStrSafe.obj
 0001:00020140       ?msprintf@@YAPBDPADIPBDZZ  10021140 f   MStrSafe.obj
 0001:000205a0       ?lstrcmpni@@YIHPB_W0H@Z    100215a0 f   MStrSafe.obj
 0001:00020640       ?SetConEmuEnvHWND@@YIXPB_WPAUHWND__@@@Z 10021640 f   SetEnvVar.obj
 0001:00020690       ?SetConEmuEnvVar@@YIXPAUHWND__@@@Z 10021690 f   SetEnvVar.obj
 0001:00020700       ?SetConEmuEnvVarChild@@YIXPAUHWND__@@0@Z 10021700 f   SetEnvVar.obj
 0001:00020730       ?ShutdownConsole@@YGXXZ    10021730 f   WinConsole.obj
 0001:00020780       ?SetConsoleInfo@@YIHPAUHWND__@@PAU_CONSOLE_INFO@@@Z 10021780 f   WinConsole.obj
 0001:00020a60       ?ChangeScreenBufferSize@@YIXAAU_CONSOLE_SCREEN_BUFFER_INFO@@FFFF@Z 10021a60 f   WinConsole.obj
 0001:00020b70       ?GetConWindowSize@@YIHABU_CONSOLE_SCREEN_BUFFER_INFO@@HHKPAH1PAK@Z 10021b70 f   WinConsole.obj
 0001:00020cc0       ?GetConsoleSizeInfo@@YIXPAU_CONSOLE_INFO@@@Z 10021cc0 f   WinConsole.obj
 0001:00020d70       ?apiGetConsoleScreenBufferInfoEx@@YIHPAXPAUMY_CONSOLE_SCREEN_BUFFER_INFOEX@@@Z 10021d70 f   WinConsole.obj
 0001:00020de0       ?apiSetConsoleScreenBufferInfoEx@@YIHPAXPAUMY_CONSOLE_SCREEN_BUFFER_INFOEX@@@Z 10021de0 f   WinConsole.obj
 0001:00020e60       ?apiGetConsoleFontSize@@YIHPAXAAH1AAY0CA@_W@Z 10021e60 f   WinConsole.obj
 0001:00020f00       ?apiSetConsoleFontSize@@YIHPAXHHPB_W@Z 10021f00 f   WinConsole.obj
 0001:00020fb0       ?apiFixFontSizeForBufferSize@@YIHPAXU_COORD@@PADH@Z 10021fb0 f   WinConsole.obj
 0001:000214c0       ?SetConsoleFontSizeTo@@YIXPAUHWND__@@HHPB_WGG@Z 100224c0 f   WinConsole.obj
 0001:00021a40       ?EvaluateDefaultFontWidth@@YIHHPB_W@Z 10022a40 f   WinConsole.obj
 0001:00021b80       ?SetUserFriendlyFont@@YIXPAUHWND__@@@Z 10022b80 f   WinConsole.obj
 0001:00022050       ?CorrectConsolePos@@YIXPAUHWND__@@@Z 10023050 f   WinConsole.obj
 0001:00022190       ?EmergencyShow@@YIXPAUHWND__@@@Z 10023190 f   WinConsole.obj
 0001:00022240       ?getWindowInfo@@YIXPAUHWND__@@AAY0EAA@_W@Z 10023240 f   WinObjects.obj
 0001:000223a0       ?apiSetForegroundWindow@@YIHPAUHWND__@@@Z 100233a0 f   WinObjects.obj
 0001:000223c0       ?apiShowWindow@@YIHPAUHWND__@@H@Z 100233c0 f   WinObjects.obj
 0001:000223f0       ?apiShowWindowAsync@@YIHPAUHWND__@@H@Z 100233f0 f   WinObjects.obj
 0001:00022420       ?isWindow@@YIHPAUHWND__@@@Z 10023420 f   WinObjects.obj
 0001:00022490       ?FileCompare@@YI_NPB_W0@Z  10023490 f   WinObjects.obj
 0001:000226b0       ?FileExists@@YI_NPB_WPAK@Z 100236b0 f   WinObjects.obj
 0001:00022890       ?FileExistsSearch@@YI_NPA_WI@Z 10023890 f   WinObjects.obj
 0001:00022ad0       ?DirectoryExists@@YI_NPB_W@Z 10023ad0 f   WinObjects.obj
 0001:00022c50       ?MyCreateDirectory@@YI_NPA_W@Z 10023c50 f   WinObjects.obj
 0001:00022d60       ?IsFilePath@@YI_NPB_W@Z    10023d60 f   WinObjects.obj
 0001:00022e40       ?IsPathNeedQuot@@YI_NPB_W@Z 10023e40 f   WinObjects.obj
 0001:00022e70       ?GetShortFileName@@YIHPB_WHPA_WH@Z 10023e70 f   WinObjects.obj
 0001:00023080       ?GetShortFileNameEx@@YIPA_WPB_WH@Z 10024080 f   WinObjects.obj
 0001:00023490       ?IsUserAdmin@@YI_NXZ       10024490 f   WinObjects.obj
 0001:00023590       ?GetLogonSID@@YI_NPAXPAPA_W@Z 10024590 f   WinObjects.obj
 0001:000236b0       ?IsWine@@YI_NXZ            100246b0 f   WinObjects.obj
 0001:000237d0       ?IsWinPE@@YI_NXZ           100247d0 f   WinObjects.obj
 0001:00023840       ?IsDbcs@@YI_NXZ            10024840 f   WinObjects.obj
 0001:00023860       ?IsWindows64@@YI_NXZ       10024860 f   WinObjects.obj
 0001:000238f0       ?IsHwFullScreenAvailable@@YI_NXZ 100248f0 f   WinObjects.obj
 0001:00023990       ?IsVsNetHostExe@@YI_NPB_W@Z 10024990 f   WinObjects.obj
 0001:00023a10       ?GetProcessBits@@YIHKPAX@Z 10024a10 f   WinObjects.obj
 0001:00023af0       ?GetProcessInfo@@YI_NKPAUtagPROCESSENTRY32W@@@Z 10024af0 f   WinObjects.obj
 0001:00023be0       ?isTerminalMode@@YI_NXZ    10024be0 f   WinObjects.obj
 0001:00023f00       ?IsModuleValid@@YI_NPAUHINSTANCE__@@H@Z 10024f00 f   WinObjects.obj
 0001:00024040       ?CheckCallbackPtr@@YI_NPAUHINSTANCE__@@IPAP6GHXZHHH@Z 10025040 f   WinObjects.obj
 0001:00024190       ?RemoveOldComSpecC@@YIXXZ  10025190 f   WinObjects.obj
 0001:000242c0       ?PointToName@@YIPB_WPB_W@Z 100252c0 f   WinObjects.obj
 0001:00024310       ?PointToName@@YIPBDPBD@Z   10025310 f   WinObjects.obj
 0001:00024350       ?PointToExt@@YIPB_WPB_W@Z  10025350 f   WinObjects.obj
 0001:00024390       ?Unquote@@YIPB_WPA_W_N@Z   10025390 f   WinObjects.obj
 0001:00024420       ?ExpandMacroValues@@YIPA_WPB_WPAPB_WI@Z 10025420 f   WinObjects.obj
 0001:000245e0       ?ExpandEnvStr@@YIPA_WPB_W@Z 100255e0 f   WinObjects.obj
 0001:000246c0       ?GetFullPathNameEx@@YIPA_WPB_W@Z 100256c0 f   WinObjects.obj
 0001:000247a0       ??0MConHandle@@QAE@PB_W@Z  100257a0 f   WinObjects.obj
 0001:00024820       ?LogHandle@MConHandle@@AAEXIPAX@Z 10025820 f   WinObjects.obj
 0001:00024890       ??1MConHandle@@QAE@XZ      10025890 f   WinObjects.obj
 0001:000248b0       ?SetBufferPtr@MConHandle@@QAEXPAPAX@Z 100258b0 f   WinObjects.obj
 0001:000248d0       ??BMConHandle@@QAEQAXXZ    100258d0 f   WinObjects.obj
 0001:00024bc0       ?strrchr@@YAPADPADH@Z      10025bc0 f i WinObjects.obj
 0001:00024be0       ?Close@MConHandle@@QAEXXZ  10025be0 f   WinObjects.obj
 0001:00024c90       ??0MEvent@@QAE@XZ          10025c90 f   WinObjects.obj
 0001:00024cc0       ??1MEvent@@QAE@XZ          10025cc0 f   WinObjects.obj
 0001:00024ce0       ?Close@MEvent@@QAEXXZ      10025ce0 f   WinObjects.obj
 0001:00024d30       ?InitName@MEvent@@QAEXPB_WK@Z 10025d30 f   WinObjects.obj
 0001:00024d80       ?Open@MEvent@@QAEPAXXZ     10025d80 f   WinObjects.obj
 0001:00024e00       ?Wait@MEvent@@QAEKKH@Z     10025e00 f   WinObjects.obj
 0001:00024e60       ?GetHandle@MEvent@@QAEPAXXZ 10025e60 f   WinObjects.obj
 0001:00024e80       ??0MSetter@@QAE@PAH@Z      10025e80 f   WinObjects.obj
 0001:00024ec0       ??0MSetter@@QAE@PA_N@Z     10025ec0 f   WinObjects.obj
 0001:00024f00       ??0MSetter@@QAE@PAKK@Z     10025f00 f   WinObjects.obj
 0001:00024f40       ??1MSetter@@QAE@XZ         10025f40 f   WinObjects.obj
 0001:00024f60       ?Unlock@MSetter@@QAEXXZ    10025f60 f   WinObjects.obj
 0001:00024fd0       ??0MSection@@QAE@XZ        10025fd0 f   WinObjects.obj
 0001:00025070       ??1MSection@@QAE@XZ        10026070 f   WinObjects.obj
 0001:00025100       ?Process_Lock@MSection@@IAEXXZ 10026100 f   WinObjects.obj
 0001:00025120       ?Process_Unlock@MSection@@IAEXXZ 10026120 f   WinObjects.obj
 0001:00025140       ?ThreadTerminated@MSection@@QAEXK@Z 10026140 f   WinObjects.obj
 0001:00025190       ?AddRef@MSection@@IAEXK@Z  10026190 f   WinObjects.obj
 0001:00025280       ?ReleaseRef@MSection@@IAEHK@Z 10026280 f   WinObjects.obj
 0001:00025350       ?WaitUnlocked@MSection@@IAEXKK@Z 10026350 f   WinObjects.obj
 0001:000253f0       ?MyEnterCriticalSection@MSection@@IAE_NK@Z 100263f0 f   WinObjects.obj
 0001:000255c0       ?Lock@MSection@@IAEHHK@Z   100265c0 f   WinObjects.obj
 0001:00025710       ?Unlock@MSection@@IAEXH@Z  10026710 f   WinObjects.obj
 0001:00025780       ?isLockedExclusive@MSection@@QAE_NXZ 10026780 f   WinObjects.obj
 0001:000257d0       ??0MSectionThread@@QAE@PAVMSection@@@Z 100267d0 f   WinObjects.obj
 0001:00025800       ??1MSectionThread@@QAE@XZ  10026800 f   WinObjects.obj
 0001:00025830       ??0MSectionLock@@QAE@XZ    10026830 f   WinObjects.obj
 0001:00025860       ??1MSectionLock@@QAE@XZ    10026860 f   WinObjects.obj
 0001:00025890       ?Lock@MSectionLock@@QAEHPAVMSection@@HK@Z 10026890 f   WinObjects.obj
 0001:00025910       ?RelockExclusive@MSectionLock@@QAEHK@Z 10026910 f   WinObjects.obj
 0001:00025980       ?Unlock@MSectionLock@@QAEXXZ 10026980 f   WinObjects.obj
 0001:000259c0       ?isLocked@MSectionLock@@QAEHH@Z 100269c0 f   WinObjects.obj
 0001:00025a10       ??0MSectionLockSimple@@QAE@XZ 10026a10 f   WinObjects.obj
 0001:00025a30       ??1MSectionLockSimple@@QAE@XZ 10026a30 f   WinObjects.obj
 0001:00025a50       ?Lock@MSectionLockSimple@@QAEHPAU_RTL_CRITICAL_SECTION@@K@Z 10026a50 f   WinObjects.obj
 0001:00025af0       ?Unlock@MSectionLockSimple@@QAEXXZ 10026af0 f   WinObjects.obj
 0001:00025b30       ?isLocked@MSectionLockSimple@@QAEHXZ 10026b30 f   WinObjects.obj
 0001:00025b50       ??0MFileLog@@QAE@PB_W0K@Z  10026b50 f   WinObjects.obj
 0001:00025bd0       ?InitFileName@MFileLog@@IAEJPB_WK@Z 10026bd0 f   WinObjects.obj
 0001:00025c60       ??1MFileLog@@QAE@XZ        10026c60 f   WinObjects.obj
 0001:00025cb0       ?CloseLogFile@MFileLog@@QAEXXZ 10026cb0 f   WinObjects.obj
 0001:00025d40       ?CreateLogFile@MFileLog@@QAEJPB_WKK@Z 10026d40 f   WinObjects.obj
 0001:00026410       ?GetLogFileName@MFileLog@@QAEPB_WXZ 10027410 f   WinObjects.obj
 0001:00026450       ?LogString@MFileLog@@QAEXPBD_N01I@Z 10027450 f   WinObjects.obj
 0001:000265a0       ?LogString@MFileLog@@QAEXPB_W_N01@Z 100275a0 f   WinObjects.obj
 0001:00026900       ?MonitorEnumProc@MFileLog@@KGHPAUHMONITOR__@@PAUHDC__@@PAUtagRECT@@J@Z 10027900 f   WinObjects.obj
 0001:00026a30       ?LogStartEnv@MFileLog@@QAEXPAUCEStartupEnv@@@Z 10027a30 f   WinObjects.obj
 0001:00027420       ??0CToolTip@@QAE@XZ        10028420 f   WinObjects.obj
 0001:00027490       ??_ECToolTip@@UAEPAXI@Z    10028490 f i WinObjects.obj
 0001:00027490       ??_GCToolTip@@UAEPAXI@Z    10028490 f i WinObjects.obj
 0001:000274c0       ??1CToolTip@@UAE@XZ        100284c0 f   WinObjects.obj
 0001:00027560       ?ShowTip@CToolTip@@QAEXPAUHWND__@@0PB_WHUtagPOINT@@PAUHINSTANCE__@@@Z 10028560 f   WinObjects.obj
 0001:00027840       ?HideTip@CToolTip@@QAEXXZ  10028840 f   WinObjects.obj
 0001:000278b0       ??0CTimer@@QAE@XZ          100288b0 f   WinObjects.obj
 0001:000278f0       ??1CTimer@@QAE@XZ          100288f0 f   WinObjects.obj
 0001:00027910       ?IsStarted@CTimer@@QAE_NXZ 10028910 f   WinObjects.obj
 0001:00027930       ?Start@CTimer@@QAEXI@Z     10028930 f   WinObjects.obj
 0001:00027990       ?Stop@CTimer@@QAEXXZ       10028990 f   WinObjects.obj
 0001:000279c0       ?Restart@CTimer@@QAEXI@Z   100289c0 f   WinObjects.obj
 0001:000279f0       ?Init@CTimer@@QAEXPAUHWND__@@II@Z 100289f0 f   WinObjects.obj
 0001:00027a20       ?MyGetLargestConsoleWindowSize@@YI?AU_COORD@@PAX@Z 10028a20 f   WinObjects.obj
 0001:00027aa0       ?DuplicateProcessHandle@@YIPAXK@Z 10028aa0 f   WinObjects.obj
 0001:00027b10       ?FindComspec@@YIXPAUConEmuComspec@@_N@Z 10028b10 f   WinObjects.obj
 0001:00028470       ?GetEnvVar@@YIPA_WPB_WK@Z  10029470 f   WinObjects.obj
 0001:00028580       ?UpdateComspec@@YIXPAUConEmuComspec@@_N@Z 10029580 f   WinObjects.obj
 0001:000288c0       ?SetEnvVarExpanded@@YIXPB_W0@Z 100298c0 f   WinObjects.obj
 0001:000289c0       ?GetComspecFromEnvVar@@YIPB_WPA_WKW4ComSpecBits@@@Z 100299c0 f   WinObjects.obj
 0001:00028b80       ?GetComspec@@YIPA_WPBUConEmuComspec@@@Z 10029b80 f   WinObjects.obj
 0001:00028dc0       ?IsExportEnvVarAllowed@@YI_NPB_W@Z 10029dc0 f   WinObjects.obj
 0001:00028e30       ?ApplyExportEnvVar@@YIXPB_W@Z 10029e30 f   WinObjects.obj
 0001:00028eb0       ??$wcscpy_c@$0EAA@@@YIHAAY0EAA@_WPB_W@Z 10029eb0 f i WinObjects.obj
 0001:00028ee0       ??$wcscpy_c@$0BAA@@@YIHAAY0BAA@_WPB_W@Z 10029ee0 f i WinObjects.obj
 0001:00028f10       ??$wcscpy_c@$0EBA@@@YIHAAY0EBA@_WPB_W@Z 10029f10 f i WinObjects.obj
 0001:00028f38       _GetProcAddress@8          10029f38 f   kernel32:KERNEL32.dll
 0001:00028f3e       _GetCurrentProcessId@0     10029f3e f   kernel32:KERNEL32.dll
 0001:00028f44       _GetLastError@0            10029f44 f   kernel32:KERNEL32.dll
 0001:00028f4a       _LoadLibraryW@4            10029f4a f   kernel32:KERNEL32.dll
 0001:00028f50       _GetModuleHandleW@4        10029f50 f   kernel32:KERNEL32.dll
 0001:00028f56       _IsDebuggerPresent@0       10029f56 f   kernel32:KERNEL32.dll
 0001:00028f5c       _SetEvent@4                10029f5c f   kernel32:KERNEL32.dll
 0001:00028f62       _lstrcpyW@8                10029f62 f   kernel32:KERNEL32.dll
 0001:00028f68       _lstrlenW@4                10029f68 f   kernel32:KERNEL32.dll
 0001:00028f6e       _SetEnvironmentVariableW@8 10029f6e f   kernel32:KERNEL32.dll
 0001:00028f74       _IsBadStringPtrW@8         10029f74 f   kernel32:KERNEL32.dll
 0001:00028f7a       _GetNumberOfConsoleInputEvents@8 10029f7a f   kernel32:KERNEL32.dll
 0001:00028f80       _GetStdHandle@4            10029f80 f   kernel32:KERNEL32.dll
 0001:00028f86       _GetTickCount@0            10029f86 f   kernel32:KERNEL32.dll
 0001:00028f8c       _SetLastError@4            10029f8c f   kernel32:KERNEL32.dll
 0001:00028f92       _GetCurrentThreadId@0      10029f92 f   kernel32:KERNEL32.dll
 0001:00028f98       _ReadConsoleInputW@16      10029f98 f   kernel32:KERNEL32.dll
 0001:00028f9e       _PeekConsoleInputW@16      10029f9e f   kernel32:KERNEL32.dll
 0001:00028fa4       _lstrcatW@8                10029fa4 f   kernel32:KERNEL32.dll
 0001:00028faa       _GetModuleFileNameW@12     10029faa f   kernel32:KERNEL32.dll
 0001:00028fb0       _WriteConsoleInputW@16     10029fb0 f   kernel32:KERNEL32.dll
 0001:00028fb6       _WaitForSingleObject@8     10029fb6 f   kernel32:KERNEL32.dll
 0001:00028fbc       _ReleaseSemaphore@12       10029fbc f   kernel32:KERNEL32.dll
 0001:00028fc2       _WaitForMultipleObjects@16 10029fc2 f   kernel32:KERNEL32.dll
 0001:00028fc8       _ResetEvent@4              10029fc8 f   kernel32:KERNEL32.dll
 0001:00028fce       _InterlockedDecrement@4    10029fce f   kernel32:KERNEL32.dll
 0001:00028fd4       _InterlockedIncrement@4    10029fd4 f   kernel32:KERNEL32.dll
 0001:00028fda       _GetConsoleScreenBufferInfo@8 10029fda f   kernel32:KERNEL32.dll
 0001:00028fe0       _SuspendThread@4           10029fe0 f   kernel32:KERNEL32.dll
 0001:00028fe6       _ResumeThread@4            10029fe6 f   kernel32:KERNEL32.dll
 0001:00028fec       _TerminateProcess@8        10029fec f   kernel32:KERNEL32.dll
 0001:00028ff2       _GetCurrentProcess@0       10029ff2 f   kernel32:KERNEL32.dll
 0001:00028ff8       _CloseHandle@4             10029ff8 f   kernel32:KERNEL32.dll
 0001:00028ffe       _Module32NextW@8           10029ffe f   kernel32:KERNEL32.dll
 0001:00029004       _Module32FirstW@8          1002a004 f   kernel32:KERNEL32.dll
 0001:0002900a       _CreateToolhelp32Snapshot@8 1002a00a f   kernel32:KERNEL32.dll
 0001:00029010       _GetEnvironmentVariableW@12 1002a010 f   kernel32:KERNEL32.dll
 0001:00029016       _CreateThread@24           1002a016 f   kernel32:KERNEL32.dll
 0001:0002901c       _CreateSemaphoreW@16       1002a01c f   kernel32:KERNEL32.dll
 0001:00029022       _CreateEventW@16           1002a022 f   kernel32:KERNEL32.dll
 0001:00029028       _OpenFileMappingW@12       1002a028 f   kernel32:KERNEL32.dll
 0001:0002902e       _VirtualProtect@16         1002a02e f   kernel32:KERNEL32.dll
 0001:00029034       _MapViewOfFile@20          1002a034 f   kernel32:KERNEL32.dll
 0001:0002903a       _CreateFileMappingW@24     1002a03a f   kernel32:KERNEL32.dll
 0001:00029040       _lstrcmpW@8                1002a040 f   kernel32:KERNEL32.dll
 0001:00029046       _lstrcpynW@12              1002a046 f   kernel32:KERNEL32.dll
 0001:0002904c       _lstrcmpiW@8               1002a04c f   kernel32:KERNEL32.dll
 0001:00029052       _UnmapViewOfFile@4         1002a052 f   kernel32:KERNEL32.dll
 0001:00029058       _TerminateThread@8         1002a058 f   kernel32:KERNEL32.dll
 0001:0002905e       _SetConsoleTitleW@4        1002a05e f   kernel32:KERNEL32.dll
 0001:00029064       _GetConsoleTitleW@8        1002a064 f   kernel32:KERNEL32.dll
 0001:0002906a       _WideCharToMultiByte@32    1002a06a f   kernel32:KERNEL32.dll
 0001:00029070       _DeleteFileW@4             1002a070 f   kernel32:KERNEL32.dll
 0001:00029076       _CreateProcessW@40         1002a076 f   kernel32:KERNEL32.dll
 0001:0002907c       _GetExitCodeProcess@8      1002a07c f   kernel32:KERNEL32.dll
 0001:00029082       _SetConsoleMode@8          1002a082 f   kernel32:KERNEL32.dll
 0001:00029088       _GetConsoleMode@8          1002a088 f   kernel32:KERNEL32.dll
 0001:0002908e       _GetConsoleCursorInfo@8    1002a08e f   kernel32:KERNEL32.dll
 0001:00029094       _Thread32Next@8            1002a094 f   kernel32:KERNEL32.dll
 0001:0002909a       _Thread32First@8           1002a09a f   kernel32:KERNEL32.dll
 0001:000290a0       _ExpandEnvironmentStringsW@12 1002a0a0 f   kernel32:KERNEL32.dll
 0001:000290a6       _lstrcmpA@8                1002a0a6 f   kernel32:KERNEL32.dll
 0001:000290ac       _MultiByteToWideChar@24    1002a0ac f   kernel32:KERNEL32.dll
 0001:000290b2       _lstrlenA@4                1002a0b2 f   kernel32:KERNEL32.dll
 0001:000290b8       _lstrcpynA@12              1002a0b8 f   kernel32:KERNEL32.dll
 0001:000290be       _GetCurrentDirectoryW@8    1002a0be f   kernel32:KERNEL32.dll
 0001:000290c4       _lstrcpyA@8                1002a0c4 f   kernel32:KERNEL32.dll
 0001:000290ca       _DisconnectNamedPipe@4     1002a0ca f   kernel32:KERNEL32.dll
 0001:000290d0       _SetThreadPriority@8       1002a0d0 f   kernel32:KERNEL32.dll
 0001:000290d6       _Sleep@4                   1002a0d6 f   kernel32:KERNEL32.dll
 0001:000290dc       _FlushFileBuffers@4        1002a0dc f   kernel32:KERNEL32.dll
 0001:000290e2       _ReadFile@20               1002a0e2 f   kernel32:KERNEL32.dll
 0001:000290e8       _GetOverlappedResult@16    1002a0e8 f   kernel32:KERNEL32.dll
 0001:000290ee       _WriteFile@20              1002a0ee f   kernel32:KERNEL32.dll
 0001:000290f4       _ConnectNamedPipe@8        1002a0f4 f   kernel32:KERNEL32.dll
 0001:000290fa       _CreateNamedPipeW@32       1002a0fa f   kernel32:KERNEL32.dll
 0001:00029100       _SetFilePointer@16         1002a100 f   kernel32:KERNEL32.dll
 0001:00029106       _GetFileInformationByHandle@8 1002a106 f   kernel32:KERNEL32.dll
 0001:0002910c       _CreateFileW@28            1002a10c f   kernel32:KERNEL32.dll
 0001:00029112       _ReadProcessMemory@20      1002a112 f   kernel32:KERNEL32.dll
 0001:00029118       _FreeLibrary@4             1002a118 f   kernel32:KERNEL32.dll
 0001:0002911e       _VerifyVersionInfoW@16     1002a11e f   kernel32:KERNEL32.dll
 0001:00029124       _VerSetConditionMask@16    1002a124 f   kernel32:KERNEL32.dll
 0001:0002912a       _SearchPathW@24            1002a12a f   kernel32:KERNEL32.dll
 0001:00029130       _DebugBreak@0              1002a130 f   kernel32:KERNEL32.dll
 0001:00029136       _SetNamedPipeHandleState@16 1002a136 f   kernel32:KERNEL32.dll
 0001:0002913c       _WaitNamedPipeW@8          1002a13c f   kernel32:KERNEL32.dll
 0001:00029142       _TransactNamedPipe@28      1002a142 f   kernel32:KERNEL32.dll
 0001:00029148       _GetConsoleWindow@0        1002a148 f   kernel32:KERNEL32.dll
 0001:0002914e       _HeapCreate@12             1002a14e f   kernel32:KERNEL32.dll
 0001:00029154       _HeapDestroy@4             1002a154 f   kernel32:KERNEL32.dll
 0001:0002915a       _HeapAlloc@12              1002a15a f   kernel32:KERNEL32.dll
 0001:00029160       _HeapReAlloc@16            1002a160 f   kernel32:KERNEL32.dll
 0001:00029166       _HeapFree@12               1002a166 f   kernel32:KERNEL32.dll
 0001:0002916c       _HeapValidate@12           1002a16c f   kernel32:KERNEL32.dll
 0001:00029172       _LocalFree@4               1002a172 f   kernel32:KERNEL32.dll
 0001:00029178       _LocalAlloc@8              1002a178 f   kernel32:KERNEL32.dll
 0001:0002917e       _SetConsoleWindowInfo@12   1002a17e f   kernel32:KERNEL32.dll
 0001:00029184       _GetConsoleOutputCP@0      1002a184 f   kernel32:KERNEL32.dll
 0001:0002918a       _GetFileSizeEx@8           1002a18a f   kernel32:KERNEL32.dll
 0001:00029190       _FindClose@4               1002a190 f   kernel32:KERNEL32.dll
 0001:00029196       _FindNextFileW@8           1002a196 f   kernel32:KERNEL32.dll
 0001:0002919c       _FindFirstFileW@8          1002a19c f   kernel32:KERNEL32.dll
 0001:000291a2       _CreateDirectoryW@8        1002a1a2 f   kernel32:KERNEL32.dll
 0001:000291a8       _OpenProcess@12            1002a1a8 f   kernel32:KERNEL32.dll
 0001:000291ae       _Process32NextW@8          1002a1ae f   kernel32:KERNEL32.dll
 0001:000291b4       _Process32FirstW@8         1002a1b4 f   kernel32:KERNEL32.dll
 0001:000291ba       _IsBadReadPtr@8            1002a1ba f   kernel32:KERNEL32.dll
 0001:000291c0       _VirtualFree@12            1002a1c0 f   kernel32:KERNEL32.dll
 0001:000291c6       _VirtualAlloc@16           1002a1c6 f   kernel32:KERNEL32.dll
 0001:000291cc       _GetSystemInfo@4           1002a1cc f   kernel32:KERNEL32.dll
 0001:000291d2       _GetFullPathNameW@16       1002a1d2 f   kernel32:KERNEL32.dll
 0001:000291d8       _GetModuleFileNameA@12     1002a1d8 f   kernel32:KERNEL32.dll
 0001:000291de       _OpenEventW@12             1002a1de f   kernel32:KERNEL32.dll
 0001:000291e4       _InitializeCriticalSection@4 1002a1e4 f   kernel32:KERNEL32.dll
 0001:000291ea       _DeleteCriticalSection@4   1002a1ea f   kernel32:KERNEL32.dll
 0001:000291f0       _EnterCriticalSection@4    1002a1f0 f   kernel32:KERNEL32.dll
 0001:000291f6       _LeaveCriticalSection@4    1002a1f6 f   kernel32:KERNEL32.dll
 0001:000291fc       _TryEnterCriticalSection@4 1002a1fc f   kernel32:KERNEL32.dll
 0001:00029202       _OpenThread@12             1002a202 f   kernel32:KERNEL32.dll
 0001:00029208       _GetLocalTime@4            1002a208 f   kernel32:KERNEL32.dll
 0001:0002920e       _GetVersionExW@4           1002a20e f   kernel32:KERNEL32.dll
 0001:00029214       _GetLargestConsoleWindowSize@4 1002a214 f   kernel32:KERNEL32.dll
 0001:0002921a       _DuplicateHandle@28        1002a21a f   kernel32:KERNEL32.dll
 0001:00029220       _GetWindowsDirectoryW@8    1002a220 f   kernel32:KERNEL32.dll
 0001:00029226       _MessageBoxW@16            1002a226 f   user32:USER32.dll
 0001:0002922c       _wsprintfW                 1002a22c f   user32:USER32.dll
 0001:00029232       _IsWindow@4                1002a232 f   user32:USER32.dll
 0001:00029238       _GetWindowLongW@8          1002a238 f   user32:USER32.dll
 0001:0002923e       _GetParent@4               1002a23e f   user32:USER32.dll
 0001:00029244       _PostMessageW@16           1002a244 f   user32:USER32.dll
 0001:0002924a       _RegisterWindowMessageW@4  1002a24a f   user32:USER32.dll
 0001:00029250       _GetWindowThreadProcessId@8 1002a250 f   user32:USER32.dll
 0001:00029256       _IsWindowVisible@4         1002a256 f   user32:USER32.dll
 0001:0002925c       _CharUpperBuffW@8          1002a25c f   user32:USER32.dll
 0001:00029262       _FillRect@12               1002a262 f   user32:USER32.dll
 0001:00029268       _ReleaseDC@8               1002a268 f   user32:USER32.dll
 0001:0002926e       _GetDC@4                   1002a26e f   user32:USER32.dll
 0001:00029274       _ActivateKeyboardLayout@8  1002a274 f   user32:USER32.dll
 0001:0002927a       _LoadKeyboardLayoutW@8     1002a27a f   user32:USER32.dll
 0001:00029280       _MapVirtualKeyW@8          1002a280 f   user32:USER32.dll
 0001:00029286       _VkKeyScanW@4              1002a286 f   user32:USER32.dll
 0001:0002928c       _FindWindowW@8             1002a28c f   user32:USER32.dll
 0001:00029292       _GetSystemMetrics@4        1002a292 f   user32:USER32.dll
 0001:00029298       _IsRectEmpty@4             1002a298 f   user32:USER32.dll
 0001:0002929e       _EnumDisplayMonitors@16    1002a29e f   user32:USER32.dll
 0001:000292a4       _GetMonitorInfoW@8         1002a2a4 f   user32:USER32.dll
 0001:000292aa       _SystemParametersInfoW@16  1002a2aa f   user32:USER32.dll
 0001:000292b0       _MonitorFromWindow@8       1002a2b0 f   user32:USER32.dll
 0001:000292b6       _MonitorFromRect@8         1002a2b6 f   user32:USER32.dll
 0001:000292bc       _SetWindowPos@28           1002a2bc f   user32:USER32.dll
 0001:000292c2       _ShowWindow@8              1002a2c2 f   user32:USER32.dll
 0001:000292c8       _SendMessageW@16           1002a2c8 f   user32:USER32.dll
 0001:000292ce       _GetWindowRect@8           1002a2ce f   user32:USER32.dll
 0001:000292d4       _EnableWindow@8            1002a2d4 f   user32:USER32.dll
 0001:000292da       _IsWindowEnabled@4         1002a2da f   user32:USER32.dll
 0001:000292e0       _SetForegroundWindow@4     1002a2e0 f   user32:USER32.dll
 0001:000292e6       _ShowWindowAsync@8         1002a2e6 f   user32:USER32.dll
 0001:000292ec       _wsprintfA                 1002a2ec f   user32:USER32.dll
 0001:000292f2       _GetCursorPos@4            1002a2f2 f   user32:USER32.dll
 0001:000292f8       _GetWindowTextW@12         1002a2f8 f   user32:USER32.dll
 0001:000292fe       _GetClassNameW@12          1002a2fe f   user32:USER32.dll
 0001:00029304       _GetForegroundWindow@0     1002a304 f   user32:USER32.dll
 0001:0002930a       _GetKeyboardLayoutList@8   1002a30a f   user32:USER32.dll
 0001:00029310       _GetKeyboardLayout@4       1002a310 f   user32:USER32.dll
 0001:00029316       _DestroyWindow@4           1002a316 f   user32:USER32.dll
 0001:0002931c       _GetClientRect@8           1002a31c f   user32:USER32.dll
 0001:00029322       _CreateWindowExW@48        1002a322 f   user32:USER32.dll
 0001:00029328       _SetTimer@16               1002a328 f   user32:USER32.dll
 0001:0002932e       _KillTimer@8               1002a32e f   user32:USER32.dll
 0001:00029334       _DeleteEnhMetaFile@4       1002a334 f   gdi32:GDI32.dll
 0001:0002933a       _GetEnhMetaFileBits@12     1002a33a f   gdi32:GDI32.dll
 0001:00029340       _CloseEnhMetaFile@4        1002a340 f   gdi32:GDI32.dll
 0001:00029346       _GdiFlush@0                1002a346 f   gdi32:GDI32.dll
 0001:0002934c       _SelectObject@8            1002a34c f   gdi32:GDI32.dll
 0001:00029352       _DeleteDC@4                1002a352 f   gdi32:GDI32.dll
 0001:00029358       _DeleteObject@4            1002a358 f   gdi32:GDI32.dll
 0001:0002935e       _CreateSolidBrush@4        1002a35e f   gdi32:GDI32.dll
 0001:00029364       _CreateDIBSection@24       1002a364 f   gdi32:GDI32.dll
 0001:0002936a       _CreateCompatibleDC@4      1002a36a f   gdi32:GDI32.dll
 0001:00029370       _CreateEnhMetaFileW@16     1002a370 f   gdi32:GDI32.dll
 0001:00029376       _GetDeviceCaps@8           1002a376 f   gdi32:GDI32.dll
 0001:0002937c       _GetTextMetricsW@8         1002a37c f   gdi32:GDI32.dll
 0001:00029382       _CreateFontIndirectW@4     1002a382 f   gdi32:GDI32.dll
 0001:00029388       _RegCloseKey@4             1002a388 f   advapi32:ADVAPI32.dll
 0001:0002938e       _RegQueryValueExW@24       1002a38e f   advapi32:ADVAPI32.dll
 0001:00029394       _RegOpenKeyExW@20          1002a394 f   advapi32:ADVAPI32.dll
 0001:0002939a       _RegCreateKeyExW@36        1002a39a f   advapi32:ADVAPI32.dll
 0001:000293a0       _FreeSid@4                 1002a3a0 f   advapi32:ADVAPI32.dll
 0001:000293a6       _CheckTokenMembership@12   1002a3a6 f   advapi32:ADVAPI32.dll
 0001:000293ac       _AllocateAndInitializeSid@44 1002a3ac f   advapi32:ADVAPI32.dll
 0001:000293b2       _ConvertSidToStringSidW@8  1002a3b2 f   advapi32:ADVAPI32.dll
 0001:000293b8       _GetTokenInformation@20    1002a3b8 f   advapi32:ADVAPI32.dll
 0001:000293be       _OpenProcessToken@12       1002a3be f   advapi32:ADVAPI32.dll
 0001:000293c4       _RegEnumKeyExW@32          1002a3c4 f   advapi32:ADVAPI32.dll
 0001:000293ca       _SHGetFolderPathW@20       1002a3ca f   shell32:SHELL32.dll
 0001:000293d0       _VerQueryValueW@16         1002a3d0 f   version:VERSION.dll
 0001:000293d6       _GetFileVersionInfoW@16    1002a3d6 f   version:VERSION.dll
 0001:000293dc       _GetFileVersionInfoSizeW@8 1002a3dc f   version:VERSION.dll
 0001:000293f0       __alloca_probe             1002a3f0     LIBCMT:chkstk.obj
 0001:000293f0       __chkstk                   1002a3f0 f   LIBCMT:chkstk.obj
 0001:00029420       _memset                    1002a420 f   LIBCMT:memset.obj
 0001:0002aa10       _memcmp                    1002ba10 f   LIBCMT:memcmp.obj
 0001:0002c090       _memcpy                    1002d090 f   LIBCMT:memcpy.obj
 0001:0002c3f5       _wcsrchr                   1002d3f5 f   LIBCMT:wcsrchr.obj
 0001:0002c430       _memmove                   1002d430 f   LIBCMT:memmove.obj
 0001:0002c795       _wcschr                    1002d795 f   LIBCMT:wcschr.obj
 0001:0002c7bb       _wcsstr                    1002d7bb f   LIBCMT:wcsstr.obj
 0001:0002c820       __ftol2_sse                1002d820 f   LIBCMT:ftol2.obj
 0001:0002c829       __ftol2_pentium4           1002d829 f   LIBCMT:ftol2.obj
 0001:0002c83c       __ftol2_sse_excpt          1002d83c f   LIBCMT:ftol2.obj
 0001:0002c856       __ftol2                    1002d856 f   LIBCMT:ftol2.obj
 0001:0002c8cb       _wcsncmp                   1002d8cb f   LIBCMT:wcsncmp.obj
 0001:0002c902       _wcspbrk                   1002d902 f   LIBCMT:wcspbrk.obj
 0001:0002c950       _strrchr                   1002d950 f   LIBCMT:strrchr.obj
 0001:0002c9d4       __VEC_memzero              1002d9d4 f   LIBCMT:p4_memset.obj
 0001:0002cab3       __get_sse2_info            1002dab3 f   LIBCMT:cpu_disp.obj
 0001:0002cb15       ___sse2_available_init     1002db15 f   LIBCMT:cpu_disp.obj
 0001:0002cba9       __VEC_memcpy               1002dba9 f   LIBCMT:p4_memcpy.obj
 0001:0002cc8c       __SEH_prolog4              1002dc8c f   LIBCMT:sehprolg4.obj
 0001:0002ccd1       __SEH_epilog4              1002dcd1 f   LIBCMT:sehprolg4.obj
 0001:0002cd20       __except_handler4          1002dd20 f   LIBCMT:chandler4.obj
 0001:0002ceac       @__security_check_cookie@4 1002deac f   LIBCMT:secchk.obj
 0001:0002cebc       __local_unwind4            1002debc f   LIBCMT:exsup4.obj
 0001:0002cf92       __seh_longjmp_unwind4@4    1002df92 f   LIBCMT:exsup4.obj
 0001:0002cfae       @_EH4_CallFilterFunc@8     1002dfae f   LIBCMT:exsup4.obj
 0001:0002cfc5       @_EH4_TransferToHandler@8  1002dfc5 f   LIBCMT:exsup4.obj
 0001:0002cfde       @_EH4_GlobalUnwind@4       1002dfde f   LIBCMT:exsup4.obj
 0001:0002cff8       @_EH4_LocalUnwind@16       1002dff8 f   LIBCMT:exsup4.obj
 0001:0002d010       __ValidateImageBase        1002e010 f   LIBCMT:pesect.obj
 0001:0002d050       __FindPESection            1002e050 f   LIBCMT:pesect.obj
 0001:0002d0a0       __IsNonwritableInCurrentImage 1002e0a0 f   LIBCMT:pesect.obj
 0001:0002d15d       ___report_gsfailure        1002e15d f   LIBCMT:gs_report.obj
 0001:0002d264       __global_unwind2           1002e264 f   LIBCMT:exsup.obj
 0001:0002d2c9       __local_unwind2            1002e2c9 f   LIBCMT:exsup.obj
 0001:0002d34d       __abnormal_termination     1002e34d f   LIBCMT:exsup.obj
 0001:0002d370       __NLG_Notify1              1002e370 f   LIBCMT:exsup.obj
 0001:0002d379       __NLG_Notify               1002e379 f   LIBCMT:exsup.obj
 0001:0002d390       __NLG_Dispatch2            1002e390     LIBCMT:exsup.obj
 0001:0002d390       __NLG_Dispatch             1002e390     LIBCMT:exsup.obj
 0001:0002d398       __NLG_Call                 1002e398 f   LIBCMT:exsup.obj
 0001:0002d39a       __NLG_Return2              1002e39a     LIBCMT:exsup.obj
 0001:0002d39b       __crt_debugger_hook        1002e39b f   LIBCMT:dbghook.obj
 0001:0002d3a4       _RtlUnwind@16              1002e3a4 f   kernel32:KERNEL32.dll
 0001:0002d3aa       _UnhandledExceptionFilter@4 1002e3aa f   kernel32:KERNEL32.dll
 0001:0002d3b0       _SetUnhandledExceptionFilter@4 1002e3b0 f   kernel32:KERNEL32.dll
 0002:00000000       __imp__OpenProcessToken@12 1002f000     advapi32:ADVAPI32.dll
 0002:00000004       __imp__GetTokenInformation@20 1002f004     advapi32:ADVAPI32.dll
 0002:00000008       __imp__ConvertSidToStringSidW@8 1002f008     advapi32:ADVAPI32.dll
 0002:0000000c       __imp__AllocateAndInitializeSid@44 1002f00c     advapi32:ADVAPI32.dll
 0002:00000010       __imp__CheckTokenMembership@12 1002f010     advapi32:ADVAPI32.dll
 0002:00000014       __imp__FreeSid@4           1002f014     advapi32:ADVAPI32.dll
 0002:00000018       __imp__RegCreateKeyExW@36  1002f018     advapi32:ADVAPI32.dll
 0002:0000001c       __imp__RegOpenKeyExW@20    1002f01c     advapi32:ADVAPI32.dll
 0002:00000020       __imp__RegQueryValueExW@24 1002f020     advapi32:ADVAPI32.dll
 0002:00000024       __imp__RegCloseKey@4       1002f024     advapi32:ADVAPI32.dll
 0002:00000028       __imp__RegEnumKeyExW@32    1002f028     advapi32:ADVAPI32.dll
 0002:0000002c       \177ADVAPI32_NULL_THUNK_DATA 1002f02c     advapi32:ADVAPI32.dll
 0002:00000030       __imp__GetTextMetricsW@8   1002f030     gdi32:GDI32.dll
 0002:00000034       __imp__GetDeviceCaps@8     1002f034     gdi32:GDI32.dll
 0002:00000038       __imp__CreateEnhMetaFileW@16 1002f038     gdi32:GDI32.dll
 0002:0000003c       __imp__CreateCompatibleDC@4 1002f03c     gdi32:GDI32.dll
 0002:00000040       __imp__CreateDIBSection@24 1002f040     gdi32:GDI32.dll
 0002:00000044       __imp__CreateSolidBrush@4  1002f044     gdi32:GDI32.dll
 0002:00000048       __imp__DeleteObject@4      1002f048     gdi32:GDI32.dll
 0002:0000004c       __imp__DeleteDC@4          1002f04c     gdi32:GDI32.dll
 0002:00000050       __imp__SelectObject@8      1002f050     gdi32:GDI32.dll
 0002:00000054       __imp__GdiFlush@0          1002f054     gdi32:GDI32.dll
 0002:00000058       __imp__CloseEnhMetaFile@4  1002f058     gdi32:GDI32.dll
 0002:0000005c       __imp__CreateFontIndirectW@4 1002f05c     gdi32:GDI32.dll
 0002:00000060       __imp__DeleteEnhMetaFile@4 1002f060     gdi32:GDI32.dll
 0002:00000064       __imp__GetEnhMetaFileBits@12 1002f064     gdi32:GDI32.dll
 0002:00000068       \177GDI32_NULL_THUNK_DATA  1002f068     gdi32:GDI32.dll
 0002:0000006c       __imp__GetConsoleScreenBufferInfo@8 1002f06c     kernel32:KERNEL32.dll
 0002:00000070       __imp__SuspendThread@4     1002f070     kernel32:KERNEL32.dll
 0002:00000074       __imp__ResumeThread@4      1002f074     kernel32:KERNEL32.dll
 0002:00000078       __imp__TerminateProcess@8  1002f078     kernel32:KERNEL32.dll
 0002:0000007c       __imp__GetCurrentProcess@0 1002f07c     kernel32:KERNEL32.dll
 0002:00000080       __imp__CloseHandle@4       1002f080     kernel32:KERNEL32.dll
 0002:00000084       __imp__Module32NextW@8     1002f084     kernel32:KERNEL32.dll
 0002:00000088       __imp__Module32FirstW@8    1002f088     kernel32:KERNEL32.dll
 0002:0000008c       __imp__CreateToolhelp32Snapshot@8 1002f08c     kernel32:KERNEL32.dll
 0002:00000090       __imp__GetEnvironmentVariableW@12 1002f090     kernel32:KERNEL32.dll
 0002:00000094       __imp__CreateThread@24     1002f094     kernel32:KERNEL32.dll
 0002:00000098       __imp__CreateSemaphoreW@16 1002f098     kernel32:KERNEL32.dll
 0002:0000009c       __imp__CreateEventW@16     1002f09c     kernel32:KERNEL32.dll
 0002:000000a0       __imp__OpenFileMappingW@12 1002f0a0     kernel32:KERNEL32.dll
 0002:000000a4       __imp__VirtualProtect@16   1002f0a4     kernel32:KERNEL32.dll
 0002:000000a8       __imp__MapViewOfFile@20    1002f0a8     kernel32:KERNEL32.dll
 0002:000000ac       __imp__CreateFileMappingW@24 1002f0ac     kernel32:KERNEL32.dll
 0002:000000b0       __imp__lstrcmpW@8          1002f0b0     kernel32:KERNEL32.dll
 0002:000000b4       __imp__lstrcpynW@12        1002f0b4     kernel32:KERNEL32.dll
 0002:000000b8       __imp__lstrcmpiW@8         1002f0b8     kernel32:KERNEL32.dll
 0002:000000bc       __imp__UnmapViewOfFile@4   1002f0bc     kernel32:KERNEL32.dll
 0002:000000c0       __imp__TerminateThread@8   1002f0c0     kernel32:KERNEL32.dll
 0002:000000c4       __imp__SetConsoleTitleW@4  1002f0c4     kernel32:KERNEL32.dll
 0002:000000c8       __imp__GetConsoleTitleW@8  1002f0c8     kernel32:KERNEL32.dll
 0002:000000cc       __imp__WideCharToMultiByte@32 1002f0cc     kernel32:KERNEL32.dll
 0002:000000d0       __imp__DeleteFileW@4       1002f0d0     kernel32:KERNEL32.dll
 0002:000000d4       __imp__CreateProcessW@40   1002f0d4     kernel32:KERNEL32.dll
 0002:000000d8       __imp__GetExitCodeProcess@8 1002f0d8     kernel32:KERNEL32.dll
 0002:000000dc       __imp__SetConsoleMode@8    1002f0dc     kernel32:KERNEL32.dll
 0002:000000e0       __imp__GetConsoleMode@8    1002f0e0     kernel32:KERNEL32.dll
 0002:000000e4       __imp__GetConsoleCursorInfo@8 1002f0e4     kernel32:KERNEL32.dll
 0002:000000e8       __imp__Thread32Next@8      1002f0e8     kernel32:KERNEL32.dll
 0002:000000ec       __imp__Thread32First@8     1002f0ec     kernel32:KERNEL32.dll
 0002:000000f0       __imp__ExpandEnvironmentStringsW@12 1002f0f0     kernel32:KERNEL32.dll
 0002:000000f4       __imp__lstrcmpA@8          1002f0f4     kernel32:KERNEL32.dll
 0002:000000f8       __imp__MultiByteToWideChar@24 1002f0f8     kernel32:KERNEL32.dll
 0002:000000fc       __imp__lstrlenA@4          1002f0fc     kernel32:KERNEL32.dll
 0002:00000100       __imp__lstrcpynA@12        1002f100     kernel32:KERNEL32.dll
 0002:00000104       __imp__GetCurrentDirectoryW@8 1002f104     kernel32:KERNEL32.dll
 0002:00000108       __imp__lstrcpyA@8          1002f108     kernel32:KERNEL32.dll
 0002:0000010c       __imp__DisconnectNamedPipe@4 1002f10c     kernel32:KERNEL32.dll
 0002:00000110       __imp__SetThreadPriority@8 1002f110     kernel32:KERNEL32.dll
 0002:00000114       __imp__Sleep@4             1002f114     kernel32:KERNEL32.dll
 0002:00000118       __imp__FlushFileBuffers@4  1002f118     kernel32:KERNEL32.dll
 0002:0000011c       __imp__ReadFile@20         1002f11c     kernel32:KERNEL32.dll
 0002:00000120       __imp__GetOverlappedResult@16 1002f120     kernel32:KERNEL32.dll
 0002:00000124       __imp__WriteFile@20        1002f124     kernel32:KERNEL32.dll
 0002:00000128       __imp__ConnectNamedPipe@8  1002f128     kernel32:KERNEL32.dll
 0002:0000012c       __imp__CreateNamedPipeW@32 1002f12c     kernel32:KERNEL32.dll
 0002:00000130       __imp__SetFilePointer@16   1002f130     kernel32:KERNEL32.dll
 0002:00000134       __imp__InterlockedIncrement@4 1002f134     kernel32:KERNEL32.dll
 0002:00000138       __imp__CreateFileW@28      1002f138     kernel32:KERNEL32.dll
 0002:0000013c       __imp__ReadProcessMemory@20 1002f13c     kernel32:KERNEL32.dll
 0002:00000140       __imp__FreeLibrary@4       1002f140     kernel32:KERNEL32.dll
 0002:00000144       __imp__VerifyVersionInfoW@16 1002f144     kernel32:KERNEL32.dll
 0002:00000148       __imp__VerSetConditionMask@16 1002f148     kernel32:KERNEL32.dll
 0002:0000014c       __imp__SearchPathW@24      1002f14c     kernel32:KERNEL32.dll
 0002:00000150       __imp__DebugBreak@0        1002f150     kernel32:KERNEL32.dll
 0002:00000154       __imp__SetNamedPipeHandleState@16 1002f154     kernel32:KERNEL32.dll
 0002:00000158       __imp__WaitNamedPipeW@8    1002f158     kernel32:KERNEL32.dll
 0002:0000015c       __imp__TransactNamedPipe@28 1002f15c     kernel32:KERNEL32.dll
 0002:00000160       __imp__GetConsoleWindow@0  1002f160     kernel32:KERNEL32.dll
 0002:00000164       __imp__HeapCreate@12       1002f164     kernel32:KERNEL32.dll
 0002:00000168       __imp__HeapDestroy@4       1002f168     kernel32:KERNEL32.dll
 0002:0000016c       __imp__HeapAlloc@12        1002f16c     kernel32:KERNEL32.dll
 0002:00000170       __imp__HeapReAlloc@16      1002f170     kernel32:KERNEL32.dll
 0002:00000174       __imp__HeapFree@12         1002f174     kernel32:KERNEL32.dll
 0002:00000178       __imp__HeapValidate@12     1002f178     kernel32:KERNEL32.dll
 0002:0000017c       __imp__LocalFree@4         1002f17c     kernel32:KERNEL32.dll
 0002:00000180       __imp__LocalAlloc@8        1002f180     kernel32:KERNEL32.dll
 0002:00000184       __imp__SetConsoleWindowInfo@12 1002f184     kernel32:KERNEL32.dll
 0002:00000188       __imp__GetConsoleOutputCP@0 1002f188     kernel32:KERNEL32.dll
 0002:0000018c       __imp__GetFileSizeEx@8     1002f18c     kernel32:KERNEL32.dll
 0002:00000190       __imp__FindClose@4         1002f190     kernel32:KERNEL32.dll
 0002:00000194       __imp__FindNextFileW@8     1002f194     kernel32:KERNEL32.dll
 0002:00000198       __imp__FindFirstFileW@8    1002f198     kernel32:KERNEL32.dll
 0002:0000019c       __imp__CreateDirectoryW@8  1002f19c     kernel32:KERNEL32.dll
 0002:000001a0       __imp__OpenProcess@12      1002f1a0     kernel32:KERNEL32.dll
 0002:000001a4       __imp__Process32NextW@8    1002f1a4     kernel32:KERNEL32.dll
 0002:000001a8       __imp__Process32FirstW@8   1002f1a8     kernel32:KERNEL32.dll
 0002:000001ac       __imp__IsBadReadPtr@8      1002f1ac     kernel32:KERNEL32.dll
 0002:000001b0       __imp__VirtualFree@12      1002f1b0     kernel32:KERNEL32.dll
 0002:000001b4       __imp__VirtualAlloc@16     1002f1b4     kernel32:KERNEL32.dll
 0002:000001b8       __imp__GetSystemInfo@4     1002f1b8     kernel32:KERNEL32.dll
 0002:000001bc       __imp__GetFullPathNameW@16 1002f1bc     kernel32:KERNEL32.dll
 0002:000001c0       __imp__GetModuleFileNameA@12 1002f1c0     kernel32:KERNEL32.dll
 0002:000001c4       __imp__OpenEventW@12       1002f1c4     kernel32:KERNEL32.dll
 0002:000001c8       __imp__InitializeCriticalSection@4 1002f1c8     kernel32:KERNEL32.dll
 0002:000001cc       __imp__DeleteCriticalSection@4 1002f1cc     kernel32:KERNEL32.dll
 0002:000001d0       __imp__EnterCriticalSection@4 1002f1d0     kernel32:KERNEL32.dll
 0002:000001d4       __imp__LeaveCriticalSection@4 1002f1d4     kernel32:KERNEL32.dll
 0002:000001d8       __imp__TryEnterCriticalSection@4 1002f1d8     kernel32:KERNEL32.dll
 0002:000001dc       __imp__OpenThread@12       1002f1dc     kernel32:KERNEL32.dll
[...]
 0002:00003ac0       ??_7CToolTip@@6B@          10032ac0     WinObjects.obj
 0002:00003ac4       ??_C@_1CC@KPOKNCMJ@?$AAt?$AAo?$AAo?$AAl?$AAt?$AAi?$AAp?$AAs?$AA_?$AAc?$AAl?$AAa?$AAs?$AAs?$AA3?$AA2?$AA?$AA@ 10032ac4     WinObjects.obj
 0002:00003ae8       ??_C@_1FA@BFJDIMLC@?$AAC?$AA?3?$AA?2?$AAP?$AAr?$AAo?$AAg?$AAr?$AAa?$AAm?$AA?5?$AAF?$AAi?$AAl?$AAe?$AAs?$AA?2?$AAJ?$AAP?$AAS?$AAo?$AAf?$AAt?$AA?2?$AAT?$AAC?$AAC?$AAL?$AAE?$AA1?$AA3?$AA?2@ 10032ae8     WinObjects.obj
 0002:00003b38       ??_C@_1EO@GBOKIPHE@?$AAC?$AA?3?$AA?2?$AAP?$AAr?$AAo?$AAg?$AAr?$AAa?$AAm?$AA?5?$AAF?$AAi?$AAl?$AAe?$AAs?$AA?2?$AAJ?$AAP?$AAS?$AAo?$AAf?$AAt?$AA?2?$AAT?$AAC?$AAM?$AAD?$AA1?$AA3?$AA?2?$AAt@ 10032b38     WinObjects.obj
 0002:00003b88       ??_C@_1CA@CBMLAMC@?$AAI?$AAn?$AAs?$AAt?$AAa?$AAl?$AAl?$AAL?$AAo?$AAc?$AAa?$AAt?$AAi?$AAo?$AAn?$AA?$AA@ 10032b88     WinObjects.obj
 0002:00003ba8       ??_C@_1BI@NAAHPGNK@?$AAJ?$AAP?$AA?5?$AAS?$AAo?$AAf?$AAt?$AAw?$AAa?$AAr?$AAe?$AA?$AA@ 10032ba8     WinObjects.obj
 0002:00003bc0       ??_C@_1BE@CCMLAJPM@?$AAP?$AAu?$AAb?$AAl?$AAi?$AAs?$AAh?$AAe?$AAr?$AA?$AA@ 10032bc0     WinObjects.obj
 0002:00003bd8       ??_C@_1GI@BAAGFBH@?$AAS?$AAO?$AAF?$AAT?$AAW?$AAA?$AAR?$AAE?$AA?2?$AAM?$AAi?$AAc?$AAr?$AAo?$AAs?$AAo?$AAf?$AAt?$AA?2?$AAW?$AAi?$AAn?$AAd?$AAo?$AAw?$AAs?$AA?2?$AAC?$AAu?$AAr?$AAr?$AAe@ 10032bd8     WinObjects.obj
 0002:00003c40       ??_C@_1BA@JFHFEKBP@?$AAt?$AAc?$AAc?$AA?4?$AAe?$AAx?$AAe?$AA?$AA@ 10032c40     WinObjects.obj
 0002:00003c50       ??_C@_1BE@BGAOJFLF@?$AA?2?$AAt?$AAc?$AAm?$AAd?$AA?4?$AAe?$AAx?$AAe?$AA?$AA@ 10032c50     WinObjects.obj
 0002:00003c64       ??_C@_19NHABCBNP@?$AAP?$AAa?$AAt?$AAh?$AA?$AA@ 10032c64     WinObjects.obj
 0002:00003c70       ??_C@_1CK@HMKJOJBO@?$AAS?$AAO?$AAF?$AAT?$AAW?$AAA?$AAR?$AAE?$AA?2?$AAJ?$AAP?$AA?5?$AAS?$AAo?$AAf?$AAt?$AAw?$AAa?$AAr?$AAe?$AA?$AA@ 10032c70     WinObjects.obj
 0002:00003c9c       ??_C@_1DA@EMHAGABM@?$AA?$CF?$AAC?$AAo?$AAn?$AAE?$AAm?$AAu?$AAB?$AAa?$AAs?$AAe?$AAD?$AAi?$AAr?$AA?$CF?$AA?2?$AAt?$AAc?$AAc?$AA?4?$AAe?$AAx?$AAe?$AA?$AA@ 10032c9c     WinObjects.obj
 0002:00003ccc       ??_C@_13PJJBFPED@?$AA?$DL?$AA?$AA@ 10032ccc     WinObjects.obj
 0002:00003cd0       ??_C@_1BA@DBKIDAPL@?$AAc?$AAm?$AAd?$AA?4?$AAe?$AAx?$AAe?$AA?$AA@ 10032cd0     WinObjects.obj
 0002:00003ce0       ??_C@_1CE@ECCAMEKN@?$AA?2?$AAS?$AAy?$AAs?$AAW?$AAO?$AAW?$AA6?$AA4?$AA?2?$AAc?$AAm?$AAd?$AA?4?$AAe?$AAx?$AAe?$AA?$AA@ 10032ce0     WinObjects.obj
 0002:00003d04       ??_C@_1CC@PDLBBEEF@?$AAS?$AAy?$AAs?$AAW?$AAO?$AAW?$AA6?$AA4?$AA?2?$AAc?$AAm?$AAd?$AA?4?$AAe?$AAx?$AAe?$AA?$AA@ 10032d04     WinObjects.obj
 0002:00003d28       ??_C@_1CE@PMNGKNKL@?$AA?2?$AAS?$AAy?$AAs?$AAt?$AAe?$AAm?$AA3?$AA2?$AA?2?$AAc?$AAm?$AAd?$AA?4?$AAe?$AAx?$AAe?$AA?$AA@ 10032d28     WinObjects.obj
 0002:00003d4c       ??_C@_1CC@ENEHHNED@?$AAS?$AAy?$AAs?$AAt?$AAe?$AAm?$AA3?$AA2?$AA?2?$AAc?$AAm?$AAd?$AA?4?$AAe?$AAx?$AAe?$AA?$AA@ 10032d4c     WinObjects.obj
 0002:00003d70       ??_C@_1CK@OLMGMMDO@?$AAC?$AAo?$AAn?$AAE?$AAm?$AAu?$AAS?$AAl?$AAe?$AAe?$AAp?$AAI?$AAn?$AAd?$AAi?$AAc?$AAa?$AAt?$AAo?$AAr?$AA?$AA@ 10032d70     WinObjects.obj
 0002:00003da8       __load_config_used         10032da8     LIBCMT:loadcfg.obj
 0002:00003e60       ___safe_se_handler_table   10032e60     <linker-defined>
 0002:00003eac       __IMPORT_DESCRIPTOR_KERNEL32 10032eac     kernel32:KERNEL32.dll
 0002:00003ec0       __IMPORT_DESCRIPTOR_USER32 10032ec0     user32:USER32.dll
 0002:00003ed4       __IMPORT_DESCRIPTOR_GDI32  10032ed4     gdi32:GDI32.dll
 0002:00003ee8       __IMPORT_DESCRIPTOR_ADVAPI32 10032ee8     advapi32:ADVAPI32.dll
 0002:00003efc       __IMPORT_DESCRIPTOR_SHELL32 10032efc     shell32:SHELL32.dll
 0002:00003f10       __IMPORT_DESCRIPTOR_VERSION 10032f10     version:VERSION.dll
 0002:00003f24       __NULL_IMPORT_DESCRIPTOR   10032f24     kernel32:KERNEL32.dll
 0003:00000000       ?gnPluginOpenFrom@@3HA     10035000     ConEmuPlugin.obj
 0003:00000004       ?gnReqCommand@@3KA         10035004     ConEmuPlugin.obj
 0003:00000008       ?lastModifiedStateW@@3HA   10035008     ConEmuPlugin.obj
 0003:0000000c       ?gFarMode@@3UHookModeFar@@A 1003500c     ConEmuPlugin.obj
 0003:00000028       ?gpPluginMenu@@3PAUPluginAndMenuCommands@@A 10035028     ConEmuPlugin.obj
 0003:000000e0       ?Far3Func@@3PAUExportFunc@@A 100350e0     ConEmuPlugin.obj
 0003:00000128       ?guid_ConEmu@@3U_GUID@@A   10035128     ConEmuPlugin2800.obj
 0003:00000138       ?guid_ConEmuPluginItems@@3U_GUID@@A 10035138     ConEmuPlugin2800.obj
 0003:00000148       ?guid_ConEmuPluginMenu@@3U_GUID@@A 10035148     ConEmuPlugin2800.obj
 0003:00000158       ?guid_ConEmuGuiMacroDlg@@3U_GUID@@A 10035158     ConEmuPlugin2800.obj
 0003:00000168       ?guid_ConEmuWaitEndSynchro@@3U_GUID@@A 10035168     ConEmuPlugin2800.obj
 0003:00000180       ___security_cookie         10035180     LIBCMT:gs_cookie.obj
 0003:00000184       ___security_cookie_complement 10035184     LIBCMT:gs_cookie.obj
 0003:00000188       __NLG_Destination          10035188     LIBCMT:exsup.obj
 0003:00000198       ?ghHooksModule@@3PAUHINSTANCE__@@A 10035198     ConEmuInjects.obj
 0003:0000019c       ?gbHooksModuleLoaded@@3HA  1003519c     ConEmuInjects.obj
 0003:000001a0       ?SetHookCallbacks@@3P6G_NPBDPB_WPAUHINSTANCE__@@P6GHPAUHookCallbackArg@@@ZP6GX3@Z5@ZA 100351a0     ConEmuInjects.obj
 0003:000001a4       ?SetLoadLibraryCallback@@3P6GXPAUHINSTANCE__@@P6GX0@Z1@ZA 100351a4     ConEmuInjects.obj
 0003:000001a8       ?SetFarHookMode@@3P6GXPAUHookModeFar@@@ZA 100351a8     ConEmuInjects.obj
 0003:000001ac       ?ghExtConModule@@3PAUHINSTANCE__@@A 100351ac     ConEmuInjects.obj
 0003:000001b0       ?SetHookCallbacksExt@@3P6G_NPBDPB_WPAUHINSTANCE__@@P6GHPAUHookCallbackArg@@@ZP6GX3@Z5@ZA 100351b0     ConEmuInjects.obj
 0003:000001b8       ?gszDir2@@3PA_WA           100351b8     ConEmuPlugin.obj
 0003:000009b8       ?gpConMap@@3PAV?$MFileMapping@UCESERVER_CONSOLE_MAPPING_HDR@@@@A 100359b8     ConEmuPlugin.obj
 0003:000009c0       ?gszRootKey@@3PA_WA        100359c0     ConEmuPlugin.obj
 0003:00000dd0       ?gsbiDetached@@3U_CONSOLE_SCREEN_BUFFER_INFO@@A 10035dd0     ConEmuPlugin.obj
 0003:00000de8       ?gszDir1@@3PA_WA           10035de8     ConEmuPlugin.obj
 0003:000015e8       ?ghPluginModule@@3PAUHINSTANCE__@@A 100365e8     ConEmuPlugin.obj
 0003:000015ec       ?ConEmuHwnd@@3PAUHWND__@@A 100365ec     ConEmuPlugin.obj
 0003:000015f0       ?gdwPreDetachGuiPID@@3KA   100365f0     ConEmuPlugin.obj
 0003:000015f4       ?gdwServerPID@@3KA         100365f4     ConEmuPlugin.obj
 0003:000015f8       ?TerminalMode@@3HA         100365f8     ConEmuPlugin.obj
 0003:000015fc       ?FarHwnd@@3PAUHWND__@@A    100365fc     ConEmuPlugin.obj
 0003:00001600       ?gnMainThreadId@@3KA       10036600     ConEmuPlugin.obj
 0003:00001604       ?gnMainThreadIdInitial@@3KA 10036604     ConEmuPlugin.obj
 0003:00001608       ?ghMonitorThread@@3PAXA    10036608     ConEmuPlugin.obj
 0003:0000160c       ?gnMonitorThreadId@@3KA    1003660c     ConEmuPlugin.obj
 0003:00001610       ?ghSetWndSendTabsEvent@@3PAXA 10036610     ConEmuPlugin.obj
 0003:00001614       ?gFarVersion@@3UFarVersion@@A 10036614     ConEmuPlugin.obj
 0003:0000161c       ?maxTabCount@@3HA          1003661c     ConEmuPlugin.obj
 0003:00001620       ?lastWindowCount@@3HA      10036620     ConEmuPlugin.obj
 0003:00001624       ?gnCurTabCount@@3HA        10036624     ConEmuPlugin.obj
 0003:00001628       ?gpTabs@@3PAUCESERVER_REQ@@A 10036628     ConEmuPlugin.obj
 0003:0000162c       ?gnCurrentWindowType@@3HA  1003662c     ConEmuPlugin.obj
 0003:00001630       ?gbIgnoreUpdateTabs@@3HA   10036630     ConEmuPlugin.obj
 0003:00001634       ?gbRequestUpdateTabs@@3HA  10036634     ConEmuPlugin.obj
 0003:00001638       ?gbClosingModalViewerEditor@@3HA 10036638     ConEmuPlugin.obj
 0003:0000163c       ?gLastMouseReadEvent@@3U_MOUSE_EVENT_RECORD@@A 1003663c     ConEmuPlugin.obj
 0003:0000164c       ?gbUngetDummyMouseEvent@@3HA 1003664c     ConEmuPlugin.obj
 0003:00001650       ?gnAllowDummyMouseEvent@@3JA 10036650     ConEmuPlugin.obj
 0003:00001654       ?gnDummyMouseEventFromMacro@@3JA 10036654     ConEmuPlugin.obj
 0003:00001658       ?csData@@3PAVMSection@@A   10036658     ConEmuPlugin.obj
 0003:0000165c       ?gpCmdRet@@3PAUCESERVER_REQ@@A 1003665c     ConEmuPlugin.obj
 0003:00001660       ?gpData@@3PAEA             10036660     ConEmuPlugin.obj
 0003:00001664       ?gpCursor@@3PAEA           10036664     ConEmuPlugin.obj
 0003:00001668       ?gnDataSize@@3KA           10036668     ConEmuPlugin.obj
 0003:0000166c       ?gpReqCommandData@@3PAXA   1003666c     ConEmuPlugin.obj
 0003:00001678       ?gnMsgTabChanged@@3IA      10036678     ConEmuPlugin.obj
 0003:0000167c       ?csTabs@@3PAVMSection@@A   1003667c     ConEmuPlugin.obj
 0003:00001680       ?gbPlugKeyChanged@@3HA     10036680     ConEmuPlugin.obj
 0003:00001684       ?ghRegMonitorKey@@3PAUHKEY__@@A 10036684     ConEmuPlugin.obj
 0003:00001688       ?ghRegMonitorEvt@@3PAXA    10036688     ConEmuPlugin.obj
 0003:0000168c       ?ghPluginSemaphore@@3PAXA  1003668c     ConEmuPlugin.obj
 0003:00001690       ?gsFarLang@@3PA_WA         10036690     ConEmuPlugin.obj
 0003:00001710       ?gbNeedPostTabSend@@3HA    10036710     ConEmuPlugin.obj
 0003:00001714       ?gbNeedPostEditCheck@@3HA  10036714     ConEmuPlugin.obj
 0003:00001718       ?gbNeedPostReloadFarInfo@@3HA 10036718     ConEmuPlugin.obj
 0003:0000171c       ?gnNeedPostTabSendTick@@3KA 1003671c     ConEmuPlugin.obj
 0003:00001720       ?gpConMapInfo@@3PBUCESERVER_CONSOLE_MAPPING_HDR@@B 10036720     ConEmuPlugin.obj
 0003:00001724       ?gbStartedUnderConsole2@@3HA 10036724     ConEmuPlugin.obj
 0003:00001728       ?gnSelfPID@@3KA            10036728     ConEmuPlugin.obj
 0003:0000172c       ?ghFarInfoMapping@@3PAXA   1003672c     ConEmuPlugin.obj
 0003:00001730       ?gpFarInfo@@3PAUCEFAR_INFO_MAPPING@@A 10036730     ConEmuPlugin.obj
 0003:00001734       ?gpFarInfoMapping@@3PAUCEFAR_INFO_MAPPING@@A 10036734     ConEmuPlugin.obj
 0003:00001738       ?ghFarAliveEvent@@3PAXA    10036738     ConEmuPlugin.obj
 0003:0000173c       ?gPanelRegLeft@@3Utag_PanelViewRegInfo@@A 1003673c     ConEmuPlugin.obj
 0003:00001754       ?gPanelRegRight@@3Utag_PanelViewRegInfo@@A 10036754     ConEmuPlugin.obj
 0003:0000176c       ?ghConEmuCtrlPressed@@3PAXA 1003676c     ConEmuPlugin.obj
 0003:00001770       ?ghConEmuShiftPressed@@3PAXA 10036770     ConEmuPlugin.obj
 0003:00001774       ?gbWaitConsoleInputEmpty@@3HA 10036774     ConEmuPlugin.obj
 0003:00001778       ?gbWaitConsoleWrite@@3HA   10036778     ConEmuPlugin.obj
 0003:0000177c       ?ghConsoleInputEmpty@@3PAXA 1003677c     ConEmuPlugin.obj
 0003:00001780       ?ghConsoleWrite@@3PAXA     10036780     ConEmuPlugin.obj
 0003:00001784       ?gnSynchroCount@@3HA       10036784     ConEmuPlugin.obj
 0003:00001788       ?gbSynchroProhibited@@3_NA 10036788     ConEmuPlugin.obj
 0003:00001789       ?gbInputSynchroPending@@3_NA 10036789     ConEmuPlugin.obj
 0003:0000178c       ?gbInfoW_OK@@3HA           1003678c     ConEmuPlugin.obj
 0003:00001790       ?gnPeekReadCount@@3KA      10036790     ConEmuPlugin.obj
 0003:00001794       ?gbExitFarCalled@@3HA      10036794     ConEmuPlugin.obj
 0003:000017a0       ?gbWasDetached@@3HA        100367a0     ConEmuPlugin.obj
 0003:000017b0       ?InfoW995@@3PAUPluginStartupInfo@@A 100367b0     ConEmuPlugin995.obj
 0003:000017b4       ?FSFW995@@3PAUFarStandardFunctions@@A 100367b4     ConEmuPlugin995.obj
 0003:000019c8       ?InfoW1900@@3PAUPluginStartupInfo@@A 100369c8     ConEmuPlugin1900.obj
 0003:000019cc       ?FSFW1900@@3PAUFarStandardFunctions@@A 100369cc     ConEmuPlugin1900.obj
 0003:00001c08       ?LastIndex@?1??Color2FgIndex@Far3Color@@SIXKAAG@Z@4HA 10036c08     ConEmuPlugin1900.obj
 0003:00001c0c       ?LastColor@?1??Color2FgIndex@Far3Color@@SIXKAAG@Z@4KA 10036c0c     ConEmuPlugin1900.obj
 0003:00001c10       ?LastIndex@?1??Color2BgIndex@Far3Color@@SIXKHAAG@Z@4HA 10036c10     ConEmuPlugin1900.obj
 0003:00001c14       ?LastColor@?1??Color2BgIndex@Far3Color@@SIXKHAAG@Z@4KA 10036c14     ConEmuPlugin1900.obj
 0003:00001c1c       ?InfoW2800@@3PAUPluginStartupInfo@@A 10036c1c     ConEmuPlugin2800.obj
 0003:00001c20       ?FSFW2800@@3PAUFarStandardFunctions@@A 10036c20     ConEmuPlugin2800.obj
 0003:00001e5c       ?InfoA@@3PAUPluginStartupInfo@@A 10036e5c     ConEmuPluginA.obj
 0003:00001e60       ?FSFA@@3PAUFarStandardFunctions@@A 10036e60     ConEmuPluginA.obj
 0003:00001f6c       ?gbNeedBgActivate@@3HA     10036f6c     PluginBackground.obj
 0003:00001f70       ?gbBgPluginsAllowed@@3HA   10036f70     PluginBackground.obj
 0003:00001f74       ?gpBgPlugin@@3PAVCPluginBackground@@A 10036f74     PluginBackground.obj
 0003:00001f78       ?gszPluginServerPipe@@3PA_WA 10036f78     PluginSrv.obj
 0003:00002180       ?gpPlugServer@@3PAU?$PipeServer@UCESERVER_REQ@@@@A 10037180     PluginSrv.obj
 0003:00002184       ?ghServerTerminateEvent@@3PAXA 10037184     PluginSrv.obj
 0003:00002188       ?gbInCommonShutdown@@3HA   10037188     Common.obj
 0003:0000218c       ?OnShutdownConsole@@3P6GXXZA 1003718c     Common.obj
 0003:00002198       ?gpLocalSecurity@@3PAU_SECURITY_ATTRIBUTES@@A 10037198     ConEmuCheck.obj
 0003:000021a0       ?ghWorkingModule@@3_KA     100371a0     ConEmuCheck.obj
 0003:000021f4       ?AssertMsgBox@@3P6IHPB_WI0PAUHWND__@@_N@ZA 100371f4     MAssert.obj
 0003:000021f8       ?ghHeap@@3PAXA             100371f8     Memory.obj
 0003:000021fc       ?gNullDesc@@3PAVMNullDesc@@A 100371fc     MSecurity.obj
 0003:00002200       ?gpConsoleInfoStr@@3PAU_CONSOLE_INFO@@A 10037200     WinConsole.obj
 0003:00002204       ?ghConsoleSection@@3PAXA   10037204     WinConsole.obj
 0003:00002218       ?Is_Window@@3P6GHPAUHWND__@@@ZA 10037218     WinObjects.obj
 0003:00002584       __debugger_hook_dummy      10037584     <common>
 0003:00002588       __pDestructExceptionObject 10037588     <common>
 0003:0000258c       ___sse2_available          1003758c     <common>

 entry point at        0001:00001cc0

 Static symbols

 0001:000005f0       ?StringValidateDestW@@YGJPB_WII@Z 100015f0 f   ConEmuInjects.obj
 0001:00000620       ?StringCopyWorkerW@@YGJPA_WIPAIPB_WI@Z 10001620 f   ConEmuInjects.obj
 0001:00001ea0       ?LoadFarVersion@@YI_NAAUFarVersion@@AAY0CAA@_W@Z 10002ea0 f   ConEmuPlugin.obj
 0001:000033d0       ?StringValidateDestW@@YGJPB_WII@Z 100043d0 f   ConEmuPlugin.obj
 0001:00003400       ?StringValidateDestAndLengthW@@YGJPB_WIPAII@Z 10004400 f   ConEmuPlugin.obj
 0001:00003450       ?StringLengthWorkerW@@YGJPB_WIPAI@Z 10004450 f   ConEmuPlugin.obj
 0001:000034c0       ?StringCopyWorkerW@@YGJPA_WIPAIPB_WI@Z 100044c0 f   ConEmuPlugin.obj
 0001:00003570       ?ActivatePlugin@@YIHKPAXK@Z 10004570 f   ConEmuPlugin.obj
 0001:00003800       ?WaitPluginActivateion@@YIKKPAPAXHK@Z 10004800 f   ConEmuPlugin.obj
 0001:000045a0       ?ChangeExports@@YI_NPBUExportFunc@@PAUHINSTANCE__@@@Z 100055a0 f   ConEmuPlugin.obj
 0001:000092d0       ?GetPanelDir@@YIPA_WPAX@Z  1000a2d0 f   ConEmuPlugin995.obj
 0001:0000ad70       ?LoadFarSettingsW995@@YIXPAUCEFarInterfaceSettings@@PAUCEFarPanelSettings@@@Z 1000bd70 f   ConEmuPlugin995.obj
 0001:0000b190       ?CopyPanelInfoW@@YIXPAUPanelInfo@@PAUtag_BkPanelInfo@PaintBackgroundArg@@@Z 1000c190 f   ConEmuPlugin995.obj
 0001:0000b380       ?CallGuiMacroProc@@YIXXZ   1000c380 f   ConEmuPlugin995.obj
 0001:0000b6a0       ?CallGuiMacroDlg@@YGJPAXHHJ@Z 1000c6a0 f   ConEmuPlugin995.obj
 0001:0000c160       ?GetPanelDir@@YIPA_WPAX@Z  1000d160 f   ConEmuPlugin1900.obj
 0001:0000eb00       ?LoadFarSettingsW1900@@YIXPAUCEFarInterfaceSettings@@PAUCEFarPanelSettings@@@Z 1000fb00 f   ConEmuPlugin1900.obj
 0001:0000ec90       ?GetFarSetting@@YIHPAXIPB_W@Z 1000fc90 f   ConEmuPlugin1900.obj
 0001:0000f110       ?CopyPanelInfoW@@YIXPAUPanelInfo@@PAUtag_BkPanelInfo@PaintBackgroundArg@@@Z 10010110 f   ConEmuPlugin1900.obj
 0001:0000f3f0       ?CallGuiMacroProc@@YIXXZ   100103f0 f   ConEmuPlugin1900.obj
 0001:0000f7a0       ?CallGuiMacroDlg@@YGHPAXHH0@Z 100107a0 f   ConEmuPlugin1900.obj
 0001:000103c0       ?GetPanelDir@@YIPA_WPAX@Z  100113c0 f   ConEmuPlugin2800.obj
 0001:00012620       ?LoadFarSettingsW2800@@YIXPAUCEFarInterfaceSettings@@PAUCEFarPanelSettings@@@Z 10013620 f   ConEmuPlugin2800.obj
 0001:000127b0       ?GetFarSetting@@YIHPAXIPB_W@Z 100137b0 f   ConEmuPlugin2800.obj
 0001:00012c30       ?CopyPanelInfoW@@YIXPAUPanelInfo@@PAUtag_BkPanelInfo@PaintBackgroundArg@@@Z 10013c30 f   ConEmuPlugin2800.obj
 0001:00012f10       ?CallGuiMacroProc@@YIXXZ   10013f10 f   ConEmuPlugin2800.obj
 0001:00013250       ?CallGuiMacroDlg@@YGHPAXHH0@Z 10014250 f   ConEmuPlugin2800.obj
 0001:000135d0       ?MAKEFARVERSION@@YI?AUVersionInfo@@KKKKW4VERSION_STAGE@@@Z 100145d0 f   ConEmuPlugin2800.obj
 0001:00015830       ?LoadFarSettingsA@@YIXPAUCEFarInterfaceSettings@@PAUCEFarPanelSettings@@@Z 10016830 f   ConEmuPluginA.obj
 0001:00015b10       ?CopyPanelInfo@@YIXPAUPanelInfo@@PAUtag_BkPanelInfo@PaintBackgroundArg@@@Z 10016b10 f   ConEmuPluginA.obj
 0001:00015c60       ?CallGuiMacroProc@@YIXXZ   10016c60 f   ConEmuPluginA.obj
 0001:00016010       ?CallGuiMacroDlg@@YGJPAXHHJ@Z 10017010 f   ConEmuPluginA.obj
 0001:00018760       ?StringValidateDestW@@YGJPB_WII@Z 10019760 f   PluginBackground.obj
 0001:00018790       ?StringCopyWorkerW@@YGJPA_WIPAIPB_WI@Z 10019790 f   PluginBackground.obj
 0001:0001aa30       ?StringValidateDestW@@YGJPB_WII@Z 1001ba30 f   PluginSrv.obj
 0001:0001aa60       ?StringCopyWorkerW@@YGJPA_WIPAIPB_WI@Z 1001ba60 f   PluginSrv.obj
 0001:0001c040       ?StringValidateDestW@@YGJPB_WII@Z 1001d040 f   Execute.obj
 0001:0001c070       ?StringCopyWorkerW@@YGJPA_WIPAIPB_WI@Z 1001d070 f   Execute.obj
 0001:0001cc20       ?StringValidateDestW@@YGJPB_WII@Z 1001dc20 f   ConEmuCheck.obj
 0001:0001cc50       ?StringCopyWorkerW@@YGJPA_WIPAIPB_WI@Z 1001dc50 f   ConEmuCheck.obj
 0001:0001e0d0       ?StringValidateDestW@@YGJPB_WII@Z 1001f0d0 f   ConEmuCheckEx.obj
 0001:0001e100       ?StringCopyWorkerW@@YGJPA_WIPAIPB_WI@Z 1001f100 f   ConEmuCheckEx.obj
 0001:0001e230       ?StringValidateDestAndLengthW@@YGJPB_WIPAII@Z 1001f230 f   ConEmuCheckEx.obj
 0001:0001e280       ?StringLengthWorkerW@@YGJPB_WIPAI@Z 1001f280 f   ConEmuCheckEx.obj
 0001:0001e580       ?StringValidateDestA@@YGJPBDII@Z 1001f580 f   Memory.obj
 0001:0001e5b0       ?StringCopyWorkerA@@YGJPADIPAIPBDI@Z 1001f5b0 f   Memory.obj
 0001:0001e6d0       ?StringValidateDestW@@YGJPB_WII@Z 1001f6d0 f   Memory.obj
 0001:0001e700       ?StringCopyWorkerW@@YGJPA_WIPAIPB_WI@Z 1001f700 f   Memory.obj
 0001:00022fa0       ?StringValidateDestW@@YGJPB_WII@Z 10023fa0 f   WinObjects.obj
 0001:00022fd0       ?StringCopyWorkerW@@YGJPA_WIPAIPB_WI@Z 10023fd0 f   WinObjects.obj
 0001:00023720       ?CheckRegKeyExist@@YI_NPAURegKeyExistArg@@@Z 10024720 f   WinObjects.obj
 0001:00026350       ?StringValidateDestAndLengthW@@YGJPB_WIPAII@Z 10027350 f   WinObjects.obj
 0001:000263a0       ?StringLengthWorkerW@@YGJPB_WIPAI@Z 100273a0 f   WinObjects.obj
 0001:0002949a       _cmpResult                 1002a49a f   LIBCMT:memcmp.obj
 0001:000294ac       _cmpBYTE                   1002a4ac f   LIBCMT:memcmp.obj
 0001:000294c4       _cmpWORD                   1002a4c4 f   LIBCMT:memcmp.obj
 0001:00029504       _cmpDWORD                  1002a504 f   LIBCMT:memcmp.obj
 0001:0002957c       _unaligned_memcmp          1002a57c f   LIBCMT:memcmp.obj
 0001:0002c97d       _fastzero_I                1002d97d f   LIBCMT:p4_memset.obj
 0001:0002ca63       _has_osfxsr_set            1002da63 f   LIBCMT:cpu_disp.obj
 0001:0002cb22       _fastcopy_I                1002db22 f   LIBCMT:p4_memcpy.obj
 0001:0002ccf0       _ValidateLocalCookies      1002dcf0 f   LIBCMT:chandler4.obj
 0001:0002cf4c       __unwind_handler4          1002df4c f   LIBCMT:exsup4.obj
 0001:0002d284       __unwind_handler           1002e284 f   LIBCMT:exsup.obj
